<html>
<body>
<pre>
<h1>µVision Build Log</h1>
<h2>Tool Versions:</h2>
IDE-Version: µVision V5.20.0.0
Copyright (C) 2016 ARM Ltd and ARM Germany GmbH. All rights reserved.
License Information: rohit singh, Real Time Solution, LIC=JDAPC-7GZQG-66KQS-L7DIZ-64JUM-AGS9L
 
Tool Versions:
Toolchain:       MDK-ARM Professional  Version: 5.20
Toolchain Path:  C:\Keil_v5\ARM\ARMCC\Bin
C Compiler:      Armcc.exe V5.06 update 2 (build 183)
Assembler:       Armasm.exe V5.06 update 2 (build 183)
Linker/Locator:  ArmLink.exe V5.06 update 2 (build 183)
Library Manager: ArmAr.exe V5.06 update 2 (build 183)
Hex Converter:   FromElf.exe V5.06 update 2 (build 183)
CPU DLL:         SARMCM3.DLL V5.20
Dialog DLL:      DCM.DLL V1.13.7.0
Target DLL:      UL2CM3.DLL V1.112.0.0
Dialog DLL:      TCM.DLL V1.14.9.0
 
<h2>Project:</h2>
D:\Keil\WifiEFM\WifiEFM.uvprojx
Project File Date:  07/22/2016

<h2>Output:</h2>
*** Using Compiler 'V5.06 update 2 (build 183)', folder: 'C:\Keil_v5\ARM\ARMCC\Bin'
Build target 'Target 1'
compiling Main.cpp...
Main.cpp(144): warning:  #177-D: variable "os_thread_def_LoraReceive" was declared but never referenced
  osThreadDef(LoraReceive, osPriorityNormal, 1, 0);
Main.cpp(152): warning:  #177-D: variable "os_thread_def_RunThread" was declared but never referenced
  osThreadDef(RunThread, osPriorityNormal, 1, 0);
Main.cpp: 2 warnings, 0 errors
linking...
Program Size: Code=10036 RO-data=452 RW-data=92 ZI-data=8492  
".\Objects\LoRa-WAN-Node.axf" - 0 Error(s), 2 Warning(s).

<h2>Software Packages used:</h2>

Package Vendor: ARM
                http://www.keil.com/pack/ARM.CMSIS.5.0.0-Beta4.pack
                ::CMSIS:RTOS:1.0 (API)
                CMSIS (Cortex Microcontroller Software Interface Standard)
   * Component: RTOS Version: 1.0
   * Component: CORE Version: 5.0.0
   * Component: Keil RTX Version: 4.81.0

Package Vendor: Keil
                http://www.keil.com/pack/Keil.EFM32GGxxx_DFP.2.3.0.pack
                Keil::Device:emlib:Framework:4.2.1
                Silicon Labs EFM32 Giant Gecko Series Device Support, Drivers and Examples
   * Component: Framework Version: 4.2.1
   * Component: Startup Version: 4.2.1
   * Component: CMU Version: 4.2.1
   * Component: SYSTEM Version: 4.2.1
   * Component: USART Version: 4.2.1
   * Component: EMU Version: 4.2.1
   * Component: GPIO Version: 4.2.1

<h2>Collection of Component include folders:</h2>
  D:\Keil\WifiEFM\RTE
  D:\Keil\WifiEFM\RTE\Device\EFM32GG980F1024
  C:\Keil_v5\ARM\PACK\ARM\CMSIS\5.0.0-Beta4\CMSIS\Include
  C:\Keil_v5\ARM\PACK\ARM\CMSIS\5.0.0-Beta4\CMSIS\RTOS\RTX\INC
  C:\Keil_v5\ARM\PACK\Keil\EFM32GGxxx_DFP\2.3.0\Device\EFM32GG\Include
  C:\Keil_v5\ARM\PACK\Keil\EFM32GGxxx_DFP\2.3.0\emlib\inc

<h2>Collection of Component Files used:</h2>

   * Component: ::CMSIS:RTOS:1.0 (API)

   * Component: ARM::CMSIS:CORE:5.0.0

   * Component: ARM::CMSIS:RTOS:Keil RTX:4.81.0
      Source file:   CMSIS\RTOS\RTX\UserCodeTemplates\Mutex.c
      Source file:   CMSIS\RTOS\RTX\UserCodeTemplates\Semaphore.c
      Source file:   CMSIS\RTOS\RTX\UserCodeTemplates\Thread.c
      Source file:   CMSIS\RTOS\RTX\UserCodeTemplates\Timer.c
      Source file:   CMSIS\RTOS\RTX\Templates\RTX_Conf_CM.c
      Source file:   CMSIS\RTOS\RTX\UserCodeTemplates\main.c
      Source file:   CMSIS\RTOS\RTX\SRC\ARM\SVC_Table.s
      Include file:  CMSIS\RTOS\RTX\UserCodeTemplates\osObjects.h
      Include file:  CMSIS\RTOS\RTX\INC\cmsis_os.h
      Library file:  CMSIS\RTOS\RTX\LIB\ARM\RTX_CM3.lib
      Source file:   CMSIS\RTOS\RTX\UserCodeTemplates\MailQueue.c
      Source file:   CMSIS\RTOS\RTX\UserCodeTemplates\MemPool.c
      Source file:   CMSIS\RTOS\RTX\UserCodeTemplates\MsgQueue.c

   * Component: Keil::Device:emlib:Framework:4.2.1
      Include file:  emlib\inc\em_chip.h
      Include file:  emlib\inc\em_bus.h
      Include file:  emlib\inc\em_bitband.h
      Include file:  emlib\inc\em_common.h
      Include file:  emlib\inc\em_assert.h
      Include file:  emlib\inc\em_version.h
      Source file:   emlib\src\em_assert.c

   * Component: Keil::Device:Startup:4.2.1
      Include file:  RTE_Driver\Config\RTE_Device.h
      Source file:   Device\EFM32GG\Source\ARM\startup_efm32gg.s
      Source file:   Device\EFM32GG\Source\system_efm32gg.c

   * Component: Keil::Device:emlib:CMU:4.2.1
      Include file:  emlib\inc\em_cmu.h
      Source file:   emlib\src\em_cmu.c

   * Component: Keil::Device:emlib:SYSTEM:4.2.1
      Source file:   emlib\src\em_system.c
      Include file:  emlib\inc\em_system.h

   * Component: Keil::Device:emlib:USART:4.2.1
      Include file:  emlib\inc\em_usart.h
      Source file:   emlib\src\em_usart.c

   * Component: Keil::Device:emlib:EMU:4.2.1
      Include file:  emlib\inc\em_emu.h
      Source file:   emlib\src\em_emu.c

   * Component: Keil::Device:emlib:GPIO:4.2.1
      Include file:  emlib\inc\em_gpio.h
      Source file:   emlib\src\em_gpio.c
Build Time Elapsed:  00:00:05
</pre>
</body>
</html>
