Component: ARM Compiler 5.06 update 2 (build 183) Tool: armlink [4d35b7]

==============================================================================

Section Cross References

    main.o(i._Z10Initializev) refers to em_cmu.o(i.CMU_OscillatorEnable) for CMU_OscillatorEnable
    main.o(i._Z10Initializev) refers to em_cmu.o(i.CMU_ClockSelectSet) for CMU_ClockSelectSet
    main.o(i._Z10Initializev) refers to em_cmu.o(i.CMU_ClockDivSet) for CMU_ClockDivSet
    main.o(i._Z10Initializev) refers to em_cmu.o(i.CMU_ClockEnable) for CMU_ClockEnable
    main.o(i._Z11LoraReceivePKv) refers to rt_cmsis.o(i.osDelay) for osDelay
    main.o(i._Z11LoraReceivePKv) refers to main.o(i._Z8uartSendP13USART_TypeDefPc) for uartSend(USART_TypeDef*, char*)
    main.o(i._Z11LoraReceivePKv) refers to main.o(.data) for uart232
    main.o(i._Z12WifiTransmitPKv) refers to main.o(i._Z8uartSendP13USART_TypeDefPc) for uartSend(USART_TypeDef*, char*)
    main.o(i._Z12WifiTransmitPKv) refers to rt_cmsis.o(i.osDelay) for osDelay
    main.o(i._Z12WifiTransmitPKv) refers to main.o(.data) for uartWifi
    main.o(i._Z14ReceiveThread2PKv) refers to em_usart.o(i.USART_Rx) for USART_Rx
    main.o(i._Z14ReceiveThread2PKv) refers to main.o(i._Z8uartSendP13USART_TypeDefPc) for uartSend(USART_TypeDef*, char*)
    main.o(i._Z14ReceiveThread2PKv) refers to main.o(.data) for uartWifi
    main.o(i._Z15uart0Initializev) refers to rt_memcpy_w.o(.text) for __aeabi_memcpy4
    main.o(i._Z15uart0Initializev) refers to em_usart.o(i.USART_InitAsync) for USART_InitAsync
    main.o(i._Z15uart0Initializev) refers to em_gpio.o(i.GPIO_PinModeSet) for GPIO_PinModeSet
    main.o(i._Z15uart0Initializev) refers to em_usart.o(i.USART_Enable) for USART_Enable
    main.o(i._Z15uart0Initializev) refers to main.o(.constdata) for .constdata
    main.o(i._Z15uart0Initializev) refers to main.o(.data) for uart232
    main.o(i._Z6blinkyPKv) refers to em_gpio.o(i.GPIO_PinModeSet) for GPIO_PinModeSet
    main.o(i._Z6blinkyPKv) refers to rt_cmsis.o(i.osDelay) for osDelay
    main.o(i._Z7adcFuncv) refers to _printf_percent.o(.ARM.Collect$$_printf_percent$$00000000) for _printf_percent
    main.o(i._Z7adcFuncv) refers to _printf_x.o(.ARM.Collect$$_printf_percent$$0000000C) for _printf_x
    main.o(i._Z7adcFuncv) refers to _printf_hex_int.o(.text) for _printf_longlong_hex
    main.o(i._Z7adcFuncv) refers to fflt_clz.o(x$fpl$ffltu) for __aeabi_ui2f
    main.o(i._Z7adcFuncv) refers to fdiv.o(x$fpl$fdiv) for __aeabi_fdiv
    main.o(i._Z7adcFuncv) refers to f2d.o(x$fpl$f2d) for __aeabi_f2d
    main.o(i._Z7adcFuncv) refers to dmul.o(x$fpl$dmul) for __aeabi_dmul
    main.o(i._Z7adcFuncv) refers to ddiv.o(x$fpl$ddiv) for __aeabi_ddiv
    main.o(i._Z7adcFuncv) refers to d2f.o(x$fpl$d2f) for __aeabi_d2f
    main.o(i._Z7adcFuncv) refers to ffixu.o(x$fpl$ffixu) for __aeabi_f2uiz
    main.o(i._Z7adcFuncv) refers to noretval__2sprintf.o(.text) for __2sprintf
    main.o(i._Z7adcFuncv) refers to main.o(.data) for adcResult
    main.o(i._Z7adcFuncv) refers to main.o(.bss) for iotBuffer
    main.o(i._Z8uartSendP13USART_TypeDefPc) refers to em_usart.o(i.USART_Tx) for USART_Tx
    main.o(i.main) refers to system_efm32gg.o(i.SystemCoreClockGet) for SystemCoreClockGet
    main.o(i.main) refers to rt_cmsis.o(i.osKernelInitialize) for osKernelInitialize
    main.o(i.main) refers to main.o(i._Z10Initializev) for Initialize()
    main.o(i.main) refers to main.o(i._Z15uart0Initializev) for uart0Initialize()
    main.o(i.main) refers to rt_cmsis.o(i.osDelay) for osDelay
    main.o(i.main) refers to main.o(i._Z8uartSendP13USART_TypeDefPc) for uartSend(USART_TypeDef*, char*)
    main.o(i.main) refers to rt_cmsis.o(i.osThreadCreate) for osThreadCreate
    main.o(i.main) refers to rt_cmsis.o(i.osKernelStart) for osKernelStart
    main.o(i.main) refers to system_efm32gg.o(.data) for SystemCoreClock
    main.o(i.main) refers to main.o(.data) for uart232
    main.o(i.main) refers to main.o(.constdata) for os_thread_def_blinky
    main.o(.ARM.exidx) refers to main.o(i._Z10Initializev) for i._Z10Initializev
    main.o(.ARM.exidx) refers to main.o(i._Z7adcFuncv) for i._Z7adcFuncv
    main.o(.ARM.exidx) refers to main.o(i._Z6blinkyPKv) for i._Z6blinkyPKv
    main.o(.ARM.exidx) refers to main.o(i._Z15uart0Initializev) for i._Z15uart0Initializev
    main.o(.ARM.exidx) refers to main.o(i._Z8uartSendP13USART_TypeDefPc) for i._Z8uartSendP13USART_TypeDefPc
    main.o(.ARM.exidx) refers to main.o(i._Z14ReceiveThread2PKv) for i._Z14ReceiveThread2PKv
    main.o(.ARM.exidx) refers to main.o(i._Z12WifiTransmitPKv) for i._Z12WifiTransmitPKv
    main.o(.ARM.exidx) refers to main.o(i._Z11LoraReceivePKv) for i._Z11LoraReceivePKv
    main.o(.ARM.exidx) refers to main.o(i._Z9RunThreadPKv) for i._Z9RunThreadPKv
    main.o(.ARM.exidx) refers to main.o(i.main) for i.main
    main.o(.constdata) refers to main.o(i._Z6blinkyPKv) for blinky(const void*)
[...]
    ../clib/angel/startup.s                  0x00000000   Number         0  __main.o ABSOLUTE
    ../clib/angel/sys.s                      0x00000000   Number         0  sys_stackheap_outer.o ABSOLUTE
    ../clib/angel/sys.s                      0x00000000   Number         0  use_no_semi.o ABSOLUTE
    ../clib/angel/sys.s                      0x00000000   Number         0  libspace.o ABSOLUTE
    ../clib/angel/sys.s                      0x00000000   Number         0  indicate_semi.o ABSOLUTE
    ../clib/angel/sysapp.c                   0x00000000   Number         0  sys_command.o ABSOLUTE
    ../clib/angel/sysapp.c                   0x00000000   Number         0  sys_wrch.o ABSOLUTE
    ../clib/angel/sysapp.c                   0x00000000   Number         0  sys_exit.o ABSOLUTE
    ../clib/armsys.c                         0x00000000   Number         0  no_argv.o ABSOLUTE
    ../clib/armsys.c                         0x00000000   Number         0  _get_argv_nomalloc.o ABSOLUTE
    ../clib/armsys.c                         0x00000000   Number         0  argv_veneer.o ABSOLUTE
    ../clib/armsys.c                         0x00000000   Number         0  argv_veneer.o ABSOLUTE
    ../clib/heapalloc.c                      0x00000000   Number         0  hrguard.o ABSOLUTE
    ../clib/heapaux.c                        0x00000000   Number         0  heapauxi.o ABSOLUTE
    ../clib/libinit.s                        0x00000000   Number         0  libshutdown2.o ABSOLUTE
    ../clib/libinit.s                        0x00000000   Number         0  libinit2.o ABSOLUTE
    ../clib/libinit.s                        0x00000000   Number         0  libshutdown.o ABSOLUTE
    ../clib/libinit.s                        0x00000000   Number         0  libinit.o ABSOLUTE
    ../clib/longlong.s                       0x00000000   Number         0  lludivv7m.o ABSOLUTE
    ../clib/memcpset.s                       0x00000000   Number         0  rt_memclr_w.o ABSOLUTE
    ../clib/memcpset.s                       0x00000000   Number         0  rt_memclr.o ABSOLUTE
    ../clib/memcpset.s                       0x00000000   Number         0  rt_memcpy_w.o ABSOLUTE
    ../clib/printf.c                         0x00000000   Number         0  _printf_hex_int_ll.o ABSOLUTE
    ../clib/printf.c                         0x00000000   Number         0  _printf_hex_ll.o ABSOLUTE
    ../clib/printf.c                         0x00000000   Number         0  __printf.o ABSOLUTE
    ../clib/printf.c                         0x00000000   Number         0  noretval__2sprintf.o ABSOLUTE
    ../clib/printf.c                         0x00000000   Number         0  _printf_hex_ptr.o ABSOLUTE
    ../clib/printf.c                         0x00000000   Number         0  __2sprintf.o ABSOLUTE
    ../clib/printf.c                         0x00000000   Number         0  _printf_hex_int.o ABSOLUTE
    ../clib/printf.c                         0x00000000   Number         0  __printf_flags_ss_wp.o ABSOLUTE
    ../clib/printf.c                         0x00000000   Number         0  __printf_ss_wp.o ABSOLUTE
    ../clib/printf.c                         0x00000000   Number         0  __printf_nopercent.o ABSOLUTE
    ../clib/printf.c                         0x00000000   Number         0  __printf_flags_wp.o ABSOLUTE
    ../clib/printf.c                         0x00000000   Number         0  __printf_wp.o ABSOLUTE
    ../clib/printf.c                         0x00000000   Number         0  _printf_hex_ll_ptr.o ABSOLUTE
    ../clib/printf.c                         0x00000000   Number         0  __printf_flags_ss.o ABSOLUTE
    ../clib/printf.c                         0x00000000   Number         0  __printf_ss.o ABSOLUTE
    ../clib/printf.c                         0x00000000   Number         0  _sputc.o ABSOLUTE
    ../clib/printf.c                         0x00000000   Number         0  _printf_char_common.o ABSOLUTE
    ../clib/printf.c                         0x00000000   Number         0  _printf_intcommon.o ABSOLUTE
    ../clib/printf.c                         0x00000000   Number         0  __printf_flags.o ABSOLUTE
    ../clib/printf.c                         0x00000000   Number         0  _printf_hex_int_ll_ptr.o ABSOLUTE
    ../clib/printf.c                         0x00000000   Number         0  _printf_hex_int_ptr.o ABSOLUTE
    ../clib/printf_percent.s                 0x00000000   Number         0  _printf_x.o ABSOLUTE
    ../clib/printf_percent.s                 0x00000000   Number         0  _printf_percent.o ABSOLUTE
    ../clib/printf_percent.s                 0x00000000   Number         0  _printf_percent_end.o ABSOLUTE
    ../clib/signal.c                         0x00000000   Number         0  defsig_rtred_inner.o ABSOLUTE
    ../clib/signal.c                         0x00000000   Number         0  defsig_rtmem_inner.o ABSOLUTE
    ../clib/signal.c                         0x00000000   Number         0  defsig_exit.o ABSOLUTE
    ../clib/signal.c                         0x00000000   Number         0  defsig_segv_inner.o ABSOLUTE
    ../clib/signal.c                         0x00000000   Number         0  defsig_cppl_inner.o ABSOLUTE
    ../clib/signal.c                         0x00000000   Number         0  defsig_pvfn_inner.o ABSOLUTE
    ../clib/signal.c                         0x00000000   Number         0  defsig_rtmem_outer.o ABSOLUTE
    ../clib/signal.c                         0x00000000   Number         0  defsig_rtmem_formal.o ABSOLUTE
    ../clib/signal.c                         0x00000000   Number         0  __raise.o ABSOLUTE
    ../clib/signal.c                         0x00000000   Number         0  defsig_general.o ABSOLUTE
    ../clib/signal.c                         0x00000000   Number         0  defsig_stak_inner.o ABSOLUTE
    ../clib/signal.c                         0x00000000   Number         0  defsig_fpe_inner.o ABSOLUTE
    ../clib/signal.c                         0x00000000   Number         0  defsig_fpe_formal.o ABSOLUTE
    ../clib/signal.c                         0x00000000   Number         0  defsig_fpe_outer.o ABSOLUTE
    ../clib/signal.c                         0x00000000   Number         0  defsig_abrt_inner.o ABSOLUTE
    ../clib/signal.c                         0x00000000   Number         0  defsig_other.o ABSOLUTE
    ../clib/signal.s                         0x00000000   Number         0  defsig.o ABSOLUTE
    ../clib/stdlib.c                         0x00000000   Number         0  exit.o ABSOLUTE
    ../clib/string.c                         0x00000000   Number         0  strcpy.o ABSOLUTE
    ../clib/string.c                         0x00000000   Number         0  strcat.o ABSOLUTE
    ../fplib/d2f.s                           0x00000000   Number         0  d2f.o ABSOLUTE
    ../fplib/ddiv.s                          0x00000000   Number         0  ddiv.o ABSOLUTE
    ../fplib/dmul.s                          0x00000000   Number         0  dmul.o ABSOLUTE
    ../fplib/dnaninf.s                       0x00000000   Number         0  dnaninf.o ABSOLUTE
    ../fplib/dretinf.s                       0x00000000   Number         0  dretinf.o ABSOLUTE
    ../fplib/f2d.s                           0x00000000   Number         0  f2d.o ABSOLUTE
    ../fplib/fdiv.s                          0x00000000   Number         0  fdiv.o ABSOLUTE
    ../fplib/ffixu.s                         0x00000000   Number         0  ffixu.o ABSOLUTE
    ../fplib/fflt.s                          0x00000000   Number         0  fflt_clz.o ABSOLUTE
    ../fplib/fnaninf.s                       0x00000000   Number         0  fnaninf.o ABSOLUTE
    ../fplib/fpinit.s                        0x00000000   Number         0  fpinit.o ABSOLUTE
    ../fplib/fretinf.s                       0x00000000   Number         0  fretinf.o ABSOLUTE
    ../fplib/usenofp.s                       0x00000000   Number         0  usenofp.o ABSOLUTE
    ..\HAL_CM.c                              0x00000000   Number         0  hal_cm.o ABSOLUTE
    ..\\rt_CMSIS.c                           0x00000000   Number         0  rt_cmsis.o ABSOLUTE
    ..\\rt_System.c                          0x00000000   Number         0  rt_system.o ABSOLUTE
    ..\rt_CMSIS.c                            0x00000000   Number         0  rt_cmsis.o ABSOLUTE
    ..\rt_Event.c                            0x00000000   Number         0  rt_event.o ABSOLUTE
    ..\rt_List.c                             0x00000000   Number         0  rt_list.o ABSOLUTE
    ..\rt_Mailbox.c                          0x00000000   Number         0  rt_mailbox.o ABSOLUTE
    ..\rt_MemBox.c                           0x00000000   Number         0  rt_membox.o ABSOLUTE
    ..\rt_Memory.c                           0x00000000   Number         0  rt_memory.o ABSOLUTE
    ..\rt_Mutex.c                            0x00000000   Number         0  rt_mutex.o ABSOLUTE
    ..\rt_Robin.c                            0x00000000   Number         0  rt_robin.o ABSOLUTE
    ..\rt_Semaphore.c                        0x00000000   Number         0  rt_semaphore.o ABSOLUTE
    ..\rt_System.c                           0x00000000   Number         0  rt_system.o ABSOLUTE
    ..\rt_Task.c                             0x00000000   Number         0  rt_task.o ABSOLUTE
    ..\rt_Time.c                             0x00000000   Number         0  rt_time.o ABSOLUTE
    C:\Keil_v5\ARM\PACK\Keil\EFM32GGxxx_DFP\2.3.0\emlib\src\em_assert.c 0x00000000   Number         0  em_assert.o ABSOLUTE
    C:\Keil_v5\ARM\PACK\Keil\EFM32GGxxx_DFP\2.3.0\emlib\src\em_cmu.c 0x00000000   Number         0  em_cmu.o ABSOLUTE
    C:\Keil_v5\ARM\PACK\Keil\EFM32GGxxx_DFP\2.3.0\emlib\src\em_emu.c 0x00000000   Number         0  em_emu.o ABSOLUTE
    C:\Keil_v5\ARM\PACK\Keil\EFM32GGxxx_DFP\2.3.0\emlib\src\em_gpio.c 0x00000000   Number         0  em_gpio.o ABSOLUTE
    C:\Keil_v5\ARM\PACK\Keil\EFM32GGxxx_DFP\2.3.0\emlib\src\em_system.c 0x00000000   Number         0  em_system.o ABSOLUTE
    C:\Keil_v5\ARM\PACK\Keil\EFM32GGxxx_DFP\2.3.0\emlib\src\em_usart.c 0x00000000   Number         0  em_usart.o ABSOLUTE
    C:\\Keil_v5\\ARM\\PACK\\Keil\\EFM32GGxxx_DFP\\2.3.0\\emlib\\src\\em_cmu.c 0x00000000   Number         0  em_cmu.o ABSOLUTE
    C:\\Keil_v5\\ARM\\PACK\\Keil\\EFM32GGxxx_DFP\\2.3.0\\emlib\\src\\em_emu.c 0x00000000   Number         0  em_emu.o ABSOLUTE
    C:\\Keil_v5\\ARM\\PACK\\Keil\\EFM32GGxxx_DFP\\2.3.0\\emlib\\src\\em_gpio.c 0x00000000   Number         0  em_gpio.o ABSOLUTE
    C:\\Keil_v5\\ARM\\PACK\\Keil\\EFM32GGxxx_DFP\\2.3.0\\emlib\\src\\em_system.c 0x00000000   Number         0  em_system.o ABSOLUTE
    C:\\Keil_v5\\ARM\\PACK\\Keil\\EFM32GGxxx_DFP\\2.3.0\\emlib\\src\\em_usart.c 0x00000000   Number         0  em_usart.o ABSOLUTE
    HAL_CM3.c                                0x00000000   Number         0  hal_cm3.o ABSOLUTE
    HAL_CM3.c                                0x00000000   Number         0  hal_cm3.o ABSOLUTE
    LoRa.cpp                                 0x00000000   Number         0  lora.o ABSOLUTE
    LoRa.cpp                                 0x00000000   Number         0  lora.o ABSOLUTE
    Main.cpp                                 0x00000000   Number         0  main.o ABSOLUTE
    Main.cpp                                 0x00000000   Number         0  main.o ABSOLUTE
    RTE\CMSIS\RTX_Conf_CM.c                  0x00000000   Number         0  rtx_conf_cm.o ABSOLUTE
    RTE\Device\EFM32GG980F1024\startup_efm32gg.s 0x00000000   Number         0  startup_efm32gg.o ABSOLUTE
    RTE\Device\EFM32GG980F1024\system_efm32gg.c 0x00000000   Number         0  system_efm32gg.o ABSOLUTE
    RTE\\CMSIS\\RTX_Conf_CM.c                0x00000000   Number         0  rtx_conf_cm.o ABSOLUTE
    RTE\\Device\\EFM32GG980F1024\\system_efm32gg.c 0x00000000   Number         0  system_efm32gg.o ABSOLUTE
    RingBuffer.cpp                           0x00000000   Number         0  ringbuffer.o ABSOLUTE
    SVC_Table.s                              0x00000000   Number         0  svc_table.o ABSOLUTE
    dc.s                                     0x00000000   Number         0  dc.o ABSOLUTE
    !!!main                                  0x000000dc   Section        8  __main.o(!!!main)
    !!!scatter                               0x000000e4   Section       52  __scatter.o(!!!scatter)
    !!handler_copy                           0x00000118   Section       26  __scatter_copy.o(!!handler_copy)
    !!handler_zi                             0x00000134   Section       28  __scatter_zi.o(!!handler_zi)
    .ARM.Collect$$libinit$$00000000          0x00000150   Section        2  libinit.o(.ARM.Collect$$libinit$$00000000)
    .ARM.Collect$$libinit$$00000002          0x00000152   Section        0  libinit2.o(.ARM.Collect$$libinit$$00000002)
    .ARM.Collect$$libinit$$00000004          0x00000152   Section        0  libinit2.o(.ARM.Collect$$libinit$$00000004)
    .ARM.Collect$$libinit$$0000000A          0x00000152   Section        0  libinit2.o(.ARM.Collect$$libinit$$0000000A)
    .ARM.Collect$$libinit$$0000000C          0x00000152   Section        0  libinit2.o(.ARM.Collect$$libinit$$0000000C)
    .ARM.Collect$$libinit$$0000000E          0x00000152   Section        0  libinit2.o(.ARM.Collect$$libinit$$0000000E)
    .ARM.Collect$$libinit$$00000011          0x00000152   Section        0  libinit2.o(.ARM.Collect$$libinit$$00000011)
    .ARM.Collect$$libinit$$00000013          0x00000152   Section        0  libinit2.o(.ARM.Collect$$libinit$$00000013)
    .ARM.Collect$$libinit$$00000015          0x00000152   Section        0  libinit2.o(.ARM.Collect$$libinit$$00000015)
    .ARM.Collect$$libinit$$00000017          0x00000152   Section        0  libinit2.o(.ARM.Collect$$libinit$$00000017)
    .ARM.Collect$$libinit$$00000019          0x00000152   Section        0  libinit2.o(.ARM.Collect$$libinit$$00000019)
    .ARM.Collect$$libinit$$0000001B          0x00000152   Section        0  libinit2.o(.ARM.Collect$$libinit$$0000001B)
    .ARM.Collect$$libinit$$0000001D          0x00000152   Section        0  libinit2.o(.ARM.Collect$$libinit$$0000001D)
    .ARM.Collect$$libinit$$0000001F          0x00000152   Section        0  libinit2.o(.ARM.Collect$$libinit$$0000001F)
    .ARM.Collect$$libinit$$00000021          0x00000152   Section        0  libinit2.o(.ARM.Collect$$libinit$$00000021)
    .ARM.Collect$$libinit$$00000023          0x00000152   Section        0  libinit2.o(.ARM.Collect$$libinit$$00000023)
    .ARM.Collect$$libinit$$00000025          0x00000152   Section        0  libinit2.o(.ARM.Collect$$libinit$$00000025)
    .ARM.Collect$$libinit$$0000002C          0x00000152   Section        0  libinit2.o(.ARM.Collect$$libinit$$0000002C)
    .ARM.Collect$$libinit$$0000002E          0x00000152   Section        0  libinit2.o(.ARM.Collect$$libinit$$0000002E)
    .ARM.Collect$$libinit$$00000030          0x00000152   Section        0  libinit2.o(.ARM.Collect$$libinit$$00000030)
    .ARM.Collect$$libinit$$00000032          0x00000152   Section        0  libinit2.o(.ARM.Collect$$libinit$$00000032)
    .ARM.Collect$$libinit$$00000033          0x00000152   Section        2  libinit2.o(.ARM.Collect$$libinit$$00000033)
    .ARM.Collect$$libshutdown$$00000000      0x00000154   Section        2  libshutdown.o(.ARM.Collect$$libshutdown$$00000000)
    .ARM.Collect$$libshutdown$$00000002      0x00000156   Section        0  libshutdown2.o(.ARM.Collect$$libshutdown$$00000002)
    .ARM.Collect$$libshutdown$$00000004      0x00000156   Section        0  libshutdown2.o(.ARM.Collect$$libshutdown$$00000004)
    .ARM.Collect$$libshutdown$$00000007      0x00000156   Section        0  libshutdown2.o(.ARM.Collect$$libshutdown$$00000007)
    .ARM.Collect$$libshutdown$$0000000A      0x00000156   Section        0  libshutdown2.o(.ARM.Collect$$libshutdown$$0000000A)
    .ARM.Collect$$libshutdown$$0000000C      0x00000156   Section        0  libshutdown2.o(.ARM.Collect$$libshutdown$$0000000C)
    .ARM.Collect$$libshutdown$$0000000F      0x00000156   Section        0  libshutdown2.o(.ARM.Collect$$libshutdown$$0000000F)
    .ARM.Collect$$libshutdown$$00000010      0x00000156   Section        2  libshutdown2.o(.ARM.Collect$$libshutdown$$00000010)
    .ARM.Collect$$rtentry$$00000000          0x00000158   Section        0  __rtentry.o(.ARM.Collect$$rtentry$$00000000)
    .ARM.Collect$$rtentry$$00000002          0x00000158   Section        0  __rtentry2.o(.ARM.Collect$$rtentry$$00000002)
    .ARM.Collect$$rtentry$$00000004          0x00000158   Section        6  __rtentry4.o(.ARM.Collect$$rtentry$$00000004)
    .ARM.Collect$$rtentry$$00000009          0x0000015e   Section        0  __rtentry2.o(.ARM.Collect$$rtentry$$00000009)
    .ARM.Collect$$rtentry$$0000000A          0x0000015e   Section        4  __rtentry2.o(.ARM.Collect$$rtentry$$0000000A)
    .ARM.Collect$$rtentry$$0000000B          0x00000162   Section        8  __rtentry2.o(.ARM.Collect$$rtentry$$0000000B)
    .ARM.Collect$$rtentry$$0000000D          0x0000016a   Section        8  __rtentry2.o(.ARM.Collect$$rtentry$$0000000D)
    .ARM.Collect$$rtexit$$00000000           0x00000172   Section        2  rtexit.o(.ARM.Collect$$rtexit$$00000000)
    .ARM.Collect$$rtexit$$00000002           0x00000174   Section        0  rtexit2.o(.ARM.Collect$$rtexit$$00000002)
    .ARM.Collect$$rtexit$$00000003           0x00000174   Section        4  rtexit2.o(.ARM.Collect$$rtexit$$00000003)
    .ARM.Collect$$rtexit$$00000004           0x00000178   Section        6  rtexit2.o(.ARM.Collect$$rtexit$$00000004)
    .emb_text                                0x00000180   Section       28  rtx_conf_cm.o(.emb_text)
    .emb_text                                0x0000019c   Section      304  hal_cm3.o(.emb_text)
    .text                                    0x000002cc   Section       64  startup_efm32gg.o(.text)
    .text                                    0x0000030c   Section        8  libspace.o(.text)
    .text                                    0x00000314   Section        0  exit.o(.text)
    .text                                    0x00000326   Section      100  rt_memcpy_w.o(.text)
    .text                                    0x0000038a   Section        0  heapauxi.o(.text)
    .text                                    0x00000390   Section        0  sys_exit.o(.text)
    .text                                    0x0000039c   Section       74  sys_stackheap_outer.o(.text)
    .text                                    0x000003e6   Section        2  use_no_semi.o(.text)
    .text                                    0x000003e8   Section        0  indicate_semi.o(.text)
    SVC_TABLE                                0x000003e8   Section        4  svc_table.o(SVC_TABLE)
    i.BUS_RegBitRead                         0x000003ec   Section        0  em_cmu.o(i.BUS_RegBitRead)
    BUS_RegBitRead                           0x000003ed   Thumb Code    20  em_cmu.o(i.BUS_RegBitRead)
    i.BUS_RegBitWrite                        0x00000400   Section        0  em_cmu.o(i.BUS_RegBitWrite)
    BUS_RegBitWrite                          0x00000401   Thumb Code    18  em_cmu.o(i.BUS_RegBitWrite)
    i.BUS_RegMaskedWrite                     0x00000412   Section        0  em_gpio.o(i.BUS_RegMaskedWrite)
    BUS_RegMaskedWrite                       0x00000413   Thumb Code    10  em_gpio.o(i.BUS_RegMaskedWrite)
    i.CMU_ClockDivSet                        0x0000041c   Section        0  em_cmu.o(i.CMU_ClockDivSet)
    i.CMU_ClockEnable                        0x000005f8   Section        0  em_cmu.o(i.CMU_ClockEnable)
    i.CMU_ClockFreqGet                       0x0000069c   Section        0  em_cmu.o(i.CMU_ClockFreqGet)
    i.CMU_ClockSelectGet                     0x000007f0   Section        0  em_cmu.o(i.CMU_ClockSelectGet)
    i.CMU_ClockSelectSet                     0x00000900   Section        0  em_cmu.o(i.CMU_ClockSelectSet)
    i.CMU_DivToLog2                          0x00000b24   Section        0  em_cmu.o(i.CMU_DivToLog2)
    CMU_DivToLog2                            0x00000b25   Thumb Code    12  em_cmu.o(i.CMU_DivToLog2)
    i.CMU_OscillatorEnable                   0x00000b30   Section        0  em_cmu.o(i.CMU_OscillatorEnable)
    i.EMU_UpdateOscConfig                    0x00000bac   Section        0  em_emu.o(i.EMU_UpdateOscConfig)
    i.GPIO_PinModeSet                        0x00000bc0   Section        0  em_gpio.o(i.GPIO_PinModeSet)
    i.GPIO_PinOutClear                       0x00000c54   Section        0  em_gpio.o(i.GPIO_PinOutClear)
    GPIO_PinOutClear                         0x00000c55   Thumb Code    20  em_gpio.o(i.GPIO_PinOutClear)
    i.GPIO_PinOutSet                         0x00000c6c   Section        0  em_gpio.o(i.GPIO_PinOutSet)
    GPIO_PinOutSet                           0x00000c6d   Thumb Code    20  em_gpio.o(i.GPIO_PinOutSet)
    i.SystemCoreClockGet                     0x00000c84   Section        0  system_efm32gg.o(i.SystemCoreClockGet)
    i.SystemHFClockGet                       0x00000cb4   Section        0  system_efm32gg.o(i.SystemHFClockGet)
    i.SystemHFXOClockGet                     0x00000d80   Section        0  system_efm32gg.o(i.SystemHFXOClockGet)
    i.SystemInit                             0x00000d8c   Section        0  system_efm32gg.o(i.SystemInit)
    i.SystemLFRCOClockGet                    0x00000d8e   Section        0  system_efm32gg.o(i.SystemLFRCOClockGet)
    i.SystemLFXOClockGet                     0x00000d94   Section        0  system_efm32gg.o(i.SystemLFXOClockGet)
    i.SystemMaxCoreClockGet                  0x00000da0   Section        0  system_efm32gg.o(i.SystemMaxCoreClockGet)
    i.SystemULFRCOClockGet                   0x00000da8   Section        0  system_efm32gg.o(i.SystemULFRCOClockGet)
    i.USART_BaudrateAsyncSet                 0x00000db0   Section        0  em_usart.o(i.USART_BaudrateAsyncSet)
    i.USART_Enable                           0x00000e30   Section        0  em_usart.o(i.USART_Enable)
    i.USART_InitAsync                        0x00000e3e   Section        0  em_usart.o(i.USART_InitAsync)
    i.USART_Reset                            0x00000e80   Section        0  em_usart.o(i.USART_Reset)
    i.USART_Rx                               0x00000ed0   Section        0  em_usart.o(i.USART_Rx)
    i.USART_Tx                               0x00000ee4   Section        0  em_usart.o(i.USART_Tx)
    i._Z10Initializev                        0x00000ef4   Section        0  main.o(i._Z10Initializev)
    i._Z12WifiTransmitPKv                    0x00000f44   Section        0  main.o(i._Z12WifiTransmitPKv)
    i._Z14ReceiveThread2PKv                  0x00000fd8   Section        0  main.o(i._Z14ReceiveThread2PKv)
    i._Z15uart0Initializev                   0x00000ffc   Section        0  main.o(i._Z15uart0Initializev)
    i._Z6blinkyPKv                           0x000010ac   Section        0  main.o(i._Z6blinkyPKv)
    i._Z8uartSendP13USART_TypeDefPc          0x000010f8   Section        0  main.o(i._Z8uartSendP13USART_TypeDefPc)
    i._init_box                              0x00001114   Section        0  rt_membox.o(i._init_box)
    i._mutex_acquire                         0x0000115c   Section        0  rtx_conf_cm.o(i._mutex_acquire)
    __tagsym$$used                           0x0000115d   Number         0  rtx_conf_cm.o(i._mutex_acquire)
    i._mutex_release                         0x0000117c   Section        0  rtx_conf_cm.o(i._mutex_release)
    __tagsym$$used                           0x0000117d   Number         0  rtx_conf_cm.o(i._mutex_release)
    i.auxClkGet                              0x00001198   Section        0  em_cmu.o(i.auxClkGet)
    auxClkGet                                0x00001199   Thumb Code    78  em_cmu.o(i.auxClkGet)
    i.dbgClkGet                              0x00001204   Section        0  em_cmu.o(i.dbgClkGet)
    dbgClkGet                                0x00001205   Thumb Code    58  em_cmu.o(i.dbgClkGet)
    i.dbg_init                               0x00001248   Section        0  hal_cm.o(i.dbg_init)
    i.dbg_task_notify                        0x00001278   Section        0  hal_cm.o(i.dbg_task_notify)
    i.dbg_task_switch                        0x00001298   Section        0  hal_cm.o(i.dbg_task_switch)
    i.flashWaitStateControl                  0x000012a8   Section        0  em_cmu.o(i.flashWaitStateControl)
    flashWaitStateControl                    0x000012a9   Thumb Code   134  em_cmu.o(i.flashWaitStateControl)
    i.flashWaitStateMax                      0x00001338   Section        0  em_cmu.o(i.flashWaitStateMax)
    flashWaitStateMax                        0x00001339   Thumb Code    14  em_cmu.o(i.flashWaitStateMax)
    i.isrMessageGet                          0x00001346   Section        0  rt_cmsis.o(i.isrMessageGet)
    i.isrMessagePut                          0x00001370   Section        0  rt_cmsis.o(i.isrMessagePut)
    i.isr_mbx_receive                        0x0000139c   Section        0  rt_mailbox.o(i.isr_mbx_receive)
    i.isr_mbx_send                           0x000013f2   Section        0  rt_mailbox.o(i.isr_mbx_send)
    i.lfClkGet                               0x00001400   Section        0  em_cmu.o(i.lfClkGet)
    lfClkGet                                 0x00001401   Thumb Code   206  em_cmu.o(i.lfClkGet)
    i.main                                   0x000014dc   Section        0  main.o(i.main)
    i.maxFreqHfle                            0x000015a8   Section        0  em_cmu.o(i.maxFreqHfle)
    maxFreqHfle                              0x000015a9   Thumb Code    74  em_cmu.o(i.maxFreqHfle)
    i.osDelay                                0x00001604   Section        0  rt_cmsis.o(i.osDelay)
    i.osKernelInitialize                     0x0000161c   Section        0  rt_cmsis.o(i.osKernelInitialize)
    i.osKernelStart                          0x00001640   Section        0  rt_cmsis.o(i.osKernelStart)
    i.osMessageGet                           0x000016ac   Section        0  rt_cmsis.o(i.osMessageGet)
    i.osThreadCreate                         0x000016c4   Section        0  rt_cmsis.o(i.osThreadCreate)
    i.osThreadExit                           0x000016f4   Section        0  rt_cmsis.o(i.osThreadExit)
    i.osTimerCall                            0x0000170c   Section        0  rt_cmsis.o(i.osTimerCall)
    i.osTimerThread                          0x00001718   Section        0  rt_cmsis.o(i.osTimerThread)
    i.os_error                               0x00001744   Section        0  rtx_conf_cm.o(i.os_error)
    i.os_idle_demon                          0x00001766   Section        0  rtx_conf_cm.o(i.os_idle_demon)
    i.os_tick_init                           0x0000176c   Section        0  rt_system.o(i.os_tick_init)
    i.os_tick_irqack                         0x00001794   Section        0  rt_system.o(i.os_tick_irqack)
    i.rt_alloc_box                           0x00001796   Section        0  rt_membox.o(i.rt_alloc_box)
    i.rt_alloc_mem                           0x000017b0   Section        0  rt_memory.o(i.rt_alloc_mem)
    i.rt_block                               0x000017f0   Section        0  rt_task.o(i.rt_block)
    i.rt_chk_robin                           0x00001828   Section        0  rt_robin.o(i.rt_chk_robin)
    i.rt_dec_dly                             0x00001870   Section        0  rt_list.o(i.rt_dec_dly)
    i.rt_dispatch                            0x000018e0   Section        0  rt_task.o(i.rt_dispatch)
    i.rt_dly_wait                            0x00001924   Section        0  rt_time.o(i.rt_dly_wait)
    i.rt_evt_psh                             0x0000192c   Section        0  rt_event.o(i.rt_evt_psh)
    i.rt_free_box                            0x0000197c   Section        0  rt_membox.o(i.rt_free_box)
    i.rt_free_mem                            0x000019a8   Section        0  rt_memory.o(i.rt_free_mem)
    i.rt_get_first                           0x000019d0   Section        0  rt_list.o(i.rt_get_first)
    i.rt_id2obj                              0x000019f8   Section        0  rt_cmsis.o(i.rt_id2obj)
    rt_id2obj                                0x000019f9   Thumb Code     8  rt_cmsis.o(i.rt_id2obj)
    i.rt_init_context                        0x00001a00   Section        0  rt_task.o(i.rt_init_context)
    rt_init_context                          0x00001a01   Thumb Code    66  rt_task.o(i.rt_init_context)
    i.rt_init_mem                            0x00001a48   Section        0  rt_memory.o(i.rt_init_mem)
    i.rt_init_robin                          0x00001a64   Section        0  rt_robin.o(i.rt_init_robin)
    i.rt_init_stack                          0x00001a7c   Section        0  hal_cm.o(i.rt_init_stack)
    i.rt_mbx_check                           0x00001afc   Section        0  rt_mailbox.o(i.rt_mbx_check)
    i.rt_mbx_init                            0x00001b04   Section        0  rt_mailbox.o(i.rt_mbx_init)
    i.rt_mbx_psh                             0x00001b20   Section        0  rt_mailbox.o(i.rt_mbx_psh)
    i.rt_mbx_wait                            0x00001c10   Section        0  rt_mailbox.o(i.rt_mbx_wait)
    i.rt_ms2tick                             0x00001cc4   Section        0  rt_cmsis.o(i.rt_ms2tick)
    rt_ms2tick                               0x00001cc5   Thumb Code    58  rt_cmsis.o(i.rt_ms2tick)
    i.rt_mut_release                         0x00001d08   Section        0  rt_mutex.o(i.rt_mut_release)
    i.rt_mut_wait                            0x00001de0   Section        0  rt_mutex.o(i.rt_mut_wait)
    i.rt_pop_req                             0x00001e48   Section        0  rt_system.o(i.rt_pop_req)
    i.rt_psh_req                             0x00001ec4   Section        0  rt_system.o(i.rt_psh_req)
    i.rt_psq_enq                             0x00001ee4   Section        0  rt_list.o(i.rt_psq_enq)
    i.rt_put_dly                             0x00001f40   Section        0  rt_list.o(i.rt_put_dly)
    i.rt_put_prio                            0x00001f88   Section        0  rt_list.o(i.rt_put_prio)
    i.rt_put_rdy_first                       0x00001fc0   Section        0  rt_list.o(i.rt_put_rdy_first)
    i.rt_resort_prio                         0x00001fd4   Section        0  rt_list.o(i.rt_resort_prio)
    i.rt_ret_val                             0x00002008   Section        0  hal_cm.o(i.rt_ret_val)
    i.rt_ret_val2                            0x0000200e   Section        0  hal_cm.o(i.rt_ret_val2)
    i.rt_rmv_dly                             0x00002016   Section        0  rt_list.o(i.rt_rmv_dly)
    i.rt_rmv_list                            0x00002040   Section        0  rt_list.o(i.rt_rmv_list)
    i.rt_sem_psh                             0x00002070   Section        0  rt_semaphore.o(i.rt_sem_psh)
    i.rt_stk_check                           0x000020a4   Section        0  rt_system.o(i.rt_stk_check)
    i.rt_switch_req                          0x000020c8   Section        0  rt_task.o(i.rt_switch_req)
    i.rt_sys_init                            0x000020f0   Section        0  rt_task.o(i.rt_sys_init)
    i.rt_sys_start                           0x000021bc   Section        0  rt_task.o(i.rt_sys_start)
    i.rt_systick                             0x00002234   Section        0  rt_system.o(i.rt_systick)
    i.rt_tid2ptcb                            0x00002274   Section        0  rt_cmsis.o(i.rt_tid2ptcb)
    rt_tid2ptcb                              0x00002275   Thumb Code    18  rt_cmsis.o(i.rt_tid2ptcb)
    i.rt_timer_insert                        0x00002288   Section        0  rt_cmsis.o(i.rt_timer_insert)
    rt_timer_insert                          0x00002289   Thumb Code    48  rt_cmsis.o(i.rt_timer_insert)
    i.rt_tsk_create                          0x000022bc   Section        0  rt_task.o(i.rt_tsk_create)
    i.rt_tsk_delete                          0x00002344   Section        0  rt_task.o(i.rt_tsk_delete)
    i.rt_tsk_prio                            0x000024c0   Section        0  rt_task.o(i.rt_tsk_prio)
    i.rt_tsk_self                            0x0000253c   Section        0  rt_task.o(i.rt_tsk_self)
    i.svcDelay                               0x0000254c   Section        0  rt_cmsis.o(i.svcDelay)
    i.svcKernelInitialize                    0x00002560   Section        0  rt_cmsis.o(i.svcKernelInitialize)
    i.svcKernelStart                         0x000025d0   Section        0  rt_cmsis.o(i.svcKernelStart)
    i.svcMessageCreate                       0x00002618   Section        0  rt_cmsis.o(i.svcMessageCreate)
    i.svcMessageGet                          0x0000263c   Section        0  rt_cmsis.o(i.svcMessageGet)
    i.svcThreadCreate                        0x00002678   Section        0  rt_cmsis.o(i.svcThreadCreate)
    i.svcThreadGetId                         0x000026e8   Section        0  rt_cmsis.o(i.svcThreadGetId)
    i.svcThreadTerminate                     0x00002704   Section        0  rt_cmsis.o(i.svcThreadTerminate)
    i.svcTimerCall                           0x0000273c   Section        0  rt_cmsis.o(i.svcTimerCall)
    i.syncReg                                0x00002754   Section        0  em_cmu.o(i.syncReg)
    syncReg                                  0x00002755   Thumb Code    28  em_cmu.o(i.syncReg)
    i.sysTimerTick                           0x00002774   Section        0  rt_cmsis.o(i.sysTimerTick)
    i.usbCClkGet                             0x000027d0   Section        0  em_cmu.o(i.usbCClkGet)
    usbCClkGet                               0x000027d1   Thumb Code    58  em_cmu.o(i.usbCClkGet)
    .constdata                               0x00002810   Section       96  main.o(.constdata)
    os_thread_def_blinky                     0x00002810   Data          16  main.o(.constdata)
    os_thread_def_ReceiveThread2             0x00002820   Data          16  main.o(.constdata)
    os_thread_def_WifiTransmit               0x00002830   Data          16  main.o(.constdata)
    .constdata                               0x00002870   Section      104  rtx_conf_cm.o(.constdata)
    __tagsym$$used                           0x0000288c   Number         0  rtx_conf_cm.o(.constdata)
    __tagsym$$used                           0x00002890   Number         0  rtx_conf_cm.o(.constdata)
    __tagsym$$used                           0x00002894   Number         0  rtx_conf_cm.o(.constdata)
    __tagsym$$used                           0x00002898   Number         0  rtx_conf_cm.o(.constdata)
    .data                                    0x20000000   Section       16  main.o(.data)
    .data                                    0x20000010   Section       20  rtx_conf_cm.o(.data)
    nr_mutex                                 0x20000020   Data           4  rtx_conf_cm.o(.data)
    .data                                    0x20000024   Section        4  em_emu.o(.data)
    cmuStatus                                0x20000024   Data           4  em_emu.o(.data)
    .data                                    0x20000028   Section       12  system_efm32gg.o(.data)
    SystemHFXOClock                          0x20000028   Data           4  system_efm32gg.o(.data)
    SystemLFXOClock                          0x2000002c   Data           4  system_efm32gg.o(.data)
    .data                                    0x20000034   Section        8  rt_cmsis.o(.data)
    .data                                    0x2000003c   Section        8  rt_task.o(.data)
    .data                                    0x20000044   Section        8  rt_system.o(.data)
    os_lock                                  0x20000044   Data           1  rt_system.o(.data)
    os_psh_flag                              0x20000045   Data           1  rt_system.o(.data)
    pend_flags                               0x20000046   Data           1  rt_system.o(.data)
    .data                                    0x2000004c   Section        4  rt_time.o(.data)
    .data                                    0x20000050   Section        8  rt_robin.o(.data)
    .data                                    0x20000058   Section        1  hal_cm.o(.data)
    .bss                                     0x20000060   Section     4192  rtx_conf_cm.o(.bss)
    std_libspace                             0x20000da0   Data         672  rtx_conf_cm.o(.bss)
    std_libmutex                             0x20001040   Data         128  rtx_conf_cm.o(.bss)
    .bss                                     0x200010c0   Section       52  rt_task.o(.bss)
    .bss                                     0x200010f4   Section       48  rt_list.o(.bss)
    .bss                                     0x20001124   Section       96  libspace.o(.bss)
    HEAP                                     0x20001188   Section     3072  startup_efm32gg.o(HEAP)
    Heap_Mem                                 0x20001188   Data        3072  startup_efm32gg.o(HEAP)
    STACK                                    0x20001d88   Section     1024  startup_efm32gg.o(STACK)
    Stack_Mem                                0x20001d88   Data        1024  startup_efm32gg.o(STACK)
    __initial_sp                             0x20002188   Data           0  startup_efm32gg.o(STACK)

    Global Symbols

    Symbol Name                              Value     Ov Type        Size  Object(Section)

    BuildAttributes$$THM_ISAv4$P$D$K$B$S$PE$A:L22UL41UL21$X:L11$S22US41US21$IEEE1$IW$USESV6$~STKCKD$USESV7$~SHL$OSPACE$ROPI$EBA8$UX$STANDARDLIB$REQ8$PRES8$EABIv2 0x00000000   Number         0  anon$$obj.o ABSOLUTE
    __ARM_use_no_argv                        0x00000000   Number         0  main.o ABSOLUTE
    __Vectors                                0x00000000   Data           4  startup_efm32gg.o(RESET)
    __ARM_exceptions_init                     - Undefined Weak Reference
    __alloca_initialize                       - Undefined Weak Reference
    __arm_preinit_                            - Undefined Weak Reference
    __cpp_initialize__aeabi_                  - Undefined Weak Reference
    __cxa_finalize                            - Undefined Weak Reference
    __rt_locale                               - Undefined Weak Reference
    __sigvec_lookup                           - Undefined Weak Reference
    _atexit_init                              - Undefined Weak Reference
    _call_atexit_fns                          - Undefined Weak Reference
    _clock_init                               - Undefined Weak Reference
    _fp_trap_init                             - Undefined Weak Reference
    _fp_trap_shutdown                         - Undefined Weak Reference
    _get_lc_collate                           - Undefined Weak Reference
    _get_lc_ctype                             - Undefined Weak Reference
    _get_lc_monetary                          - Undefined Weak Reference
    _get_lc_numeric                           - Undefined Weak Reference
    _get_lc_time                              - Undefined Weak Reference
    _getenv_init                              - Undefined Weak Reference
    _handle_redirection                       - Undefined Weak Reference
    _init_alloc                               - Undefined Weak Reference
    _init_user_alloc                          - Undefined Weak Reference
    _initio                                   - Undefined Weak Reference
    _printf_post_padding                      - Undefined Weak Reference
    _printf_pre_padding                       - Undefined Weak Reference
    _printf_truncate_unsigned                 - Undefined Weak Reference
    _rand_init                                - Undefined Weak Reference
    _signal_finish                            - Undefined Weak Reference
    _signal_init                              - Undefined Weak Reference
    _terminate_alloc                          - Undefined Weak Reference
    _terminate_user_alloc                     - Undefined Weak Reference
    _terminateio                              - Undefined Weak Reference
    __Vectors_End                            0x000000dc   Data           0  startup_efm32gg.o(RESET)
    __Vectors_Size                           0x000000dc   Number         0  startup_efm32gg.o ABSOLUTE
    __main                                   0x000000dd   Thumb Code     8  __main.o(!!!main)
    __scatterload                            0x000000e5   Thumb Code     0  __scatter.o(!!!scatter)
    __scatterload_rt2                        0x000000e5   Thumb Code    44  __scatter.o(!!!scatter)
    __scatterload_rt2_thumb_only             0x000000e5   Thumb Code     0  __scatter.o(!!!scatter)
    __scatterload_null                       0x000000f3   Thumb Code     0  __scatter.o(!!!scatter)
    __scatterload_copy                       0x00000119   Thumb Code    26  __scatter_copy.o(!!handler_copy)
    __scatterload_zeroinit                   0x00000135   Thumb Code    28  __scatter_zi.o(!!handler_zi)
    __rt_lib_init                            0x00000151   Thumb Code     0  libinit.o(.ARM.Collect$$libinit$$00000000)
    __rt_lib_init_alloca_1                   0x00000153   Thumb Code     0  libinit2.o(.ARM.Collect$$libinit$$0000002E)
    __rt_lib_init_argv_1                     0x00000153   Thumb Code     0  libinit2.o(.ARM.Collect$$libinit$$0000002C)
    __rt_lib_init_atexit_1                   0x00000153   Thumb Code     0  libinit2.o(.ARM.Collect$$libinit$$0000001B)
    __rt_lib_init_clock_1                    0x00000153   Thumb Code     0  libinit2.o(.ARM.Collect$$libinit$$00000021)
    __rt_lib_init_cpp_1                      0x00000153   Thumb Code     0  libinit2.o(.ARM.Collect$$libinit$$00000032)
    __rt_lib_init_exceptions_1               0x00000153   Thumb Code     0  libinit2.o(.ARM.Collect$$libinit$$00000030)
    __rt_lib_init_fp_1                       0x00000153   Thumb Code     0  libinit2.o(.ARM.Collect$$libinit$$00000002)
    __rt_lib_init_fp_trap_1                  0x00000153   Thumb Code     0  libinit2.o(.ARM.Collect$$libinit$$0000001F)
    __rt_lib_init_getenv_1                   0x00000153   Thumb Code     0  libinit2.o(.ARM.Collect$$libinit$$00000023)
    __rt_lib_init_heap_1                     0x00000153   Thumb Code     0  libinit2.o(.ARM.Collect$$libinit$$0000000A)
    __rt_lib_init_lc_collate_1               0x00000153   Thumb Code     0  libinit2.o(.ARM.Collect$$libinit$$00000011)
    __rt_lib_init_lc_ctype_1                 0x00000153   Thumb Code     0  libinit2.o(.ARM.Collect$$libinit$$00000013)
    __rt_lib_init_lc_monetary_1              0x00000153   Thumb Code     0  libinit2.o(.ARM.Collect$$libinit$$00000015)
    __rt_lib_init_lc_numeric_1               0x00000153   Thumb Code     0  libinit2.o(.ARM.Collect$$libinit$$00000017)
    __rt_lib_init_lc_time_1                  0x00000153   Thumb Code     0  libinit2.o(.ARM.Collect$$libinit$$00000019)
    __rt_lib_init_preinit_1                  0x00000153   Thumb Code     0  libinit2.o(.ARM.Collect$$libinit$$00000004)
    __rt_lib_init_rand_1                     0x00000153   Thumb Code     0  libinit2.o(.ARM.Collect$$libinit$$0000000E)
    __rt_lib_init_return                     0x00000153   Thumb Code     0  libinit2.o(.ARM.Collect$$libinit$$00000033)
    __rt_lib_init_signal_1                   0x00000153   Thumb Code     0  libinit2.o(.ARM.Collect$$libinit$$0000001D)
    __rt_lib_init_stdio_1                    0x00000153   Thumb Code     0  libinit2.o(.ARM.Collect$$libinit$$00000025)
    __rt_lib_init_user_alloc_1               0x00000153   Thumb Code     0  libinit2.o(.ARM.Collect$$libinit$$0000000C)
    __rt_lib_shutdown                        0x00000155   Thumb Code     0  libshutdown.o(.ARM.Collect$$libshutdown$$00000000)
    __rt_lib_shutdown_cpp_1                  0x00000157   Thumb Code     0  libshutdown2.o(.ARM.Collect$$libshutdown$$00000002)
    __rt_lib_shutdown_fp_trap_1              0x00000157   Thumb Code     0  libshutdown2.o(.ARM.Collect$$libshutdown$$00000007)
    __rt_lib_shutdown_heap_1                 0x00000157   Thumb Code     0  libshutdown2.o(.ARM.Collect$$libshutdown$$0000000F)
    __rt_lib_shutdown_return                 0x00000157   Thumb Code     0  libshutdown2.o(.ARM.Collect$$libshutdown$$00000010)
    __rt_lib_shutdown_signal_1               0x00000157   Thumb Code     0  libshutdown2.o(.ARM.Collect$$libshutdown$$0000000A)
    __rt_lib_shutdown_stdio_1                0x00000157   Thumb Code     0  libshutdown2.o(.ARM.Collect$$libshutdown$$00000004)
    __rt_lib_shutdown_user_alloc_1           0x00000157   Thumb Code     0  libshutdown2.o(.ARM.Collect$$libshutdown$$0000000C)
    __rt_entry                               0x00000159   Thumb Code     0  __rtentry.o(.ARM.Collect$$rtentry$$00000000)
    __rt_entry_presh_1                       0x00000159   Thumb Code     0  __rtentry2.o(.ARM.Collect$$rtentry$$00000002)
    __rt_entry_sh                            0x00000159   Thumb Code     0  __rtentry4.o(.ARM.Collect$$rtentry$$00000004)
    __rt_entry_li                            0x0000015f   Thumb Code     0  __rtentry2.o(.ARM.Collect$$rtentry$$0000000A)
    __rt_entry_postsh_1                      0x0000015f   Thumb Code     0  __rtentry2.o(.ARM.Collect$$rtentry$$00000009)
    __rt_entry_postli_1                      0x00000163   Thumb Code     0  __rtentry2.o(.ARM.Collect$$rtentry$$0000000B)
    __rt_entry_main                          0x0000016b   Thumb Code     0  __rtentry2.o(.ARM.Collect$$rtentry$$0000000D)
    __rt_exit                                0x00000173   Thumb Code     0  rtexit.o(.ARM.Collect$$rtexit$$00000000)
    __rt_exit_ls                             0x00000175   Thumb Code     0  rtexit2.o(.ARM.Collect$$rtexit$$00000003)
    __rt_exit_prels_1                        0x00000175   Thumb Code     0  rtexit2.o(.ARM.Collect$$rtexit$$00000002)
    __rt_exit_exit                           0x00000179   Thumb Code     0  rtexit2.o(.ARM.Collect$$rtexit$$00000004)
    _platform_post_lib_init                  0x00000181   Thumb Code    24  rtx_conf_cm.o(.emb_text)
    rt_set_PSP                               0x0000019d   Thumb Code     6  hal_cm3.o(.emb_text)
    rt_get_PSP                               0x000001a3   Thumb Code     6  hal_cm3.o(.emb_text)
    os_set_env                               0x000001a9   Thumb Code    24  hal_cm3.o(.emb_text)
    _alloc_box                               0x000001c5   Thumb Code    28  hal_cm3.o(.emb_text)
    _free_box                                0x000001e5   Thumb Code    28  hal_cm3.o(.emb_text)
    SVC_Handler                              0x00000205   Thumb Code   108  hal_cm3.o(.emb_text)
    PendSV_Handler                           0x0000027d   Thumb Code    56  hal_cm3.o(.emb_text)
    SysTick_Handler                          0x000002b9   Thumb Code     8  hal_cm3.o(.emb_text)
    OS_Tick_Handler                          0x000002c1   Thumb Code    12  hal_cm3.o(.emb_text)
    Reset_Handler                            0x000002cd   Thumb Code     8  startup_efm32gg.o(.text)
    NMI_Handler                              0x000002d5   Thumb Code     2  startup_efm32gg.o(.text)
    HardFault_Handler                        0x000002d7   Thumb Code     2  startup_efm32gg.o(.text)
    MemManage_Handler                        0x000002d9   Thumb Code     2  startup_efm32gg.o(.text)
    BusFault_Handler                         0x000002db   Thumb Code     2  startup_efm32gg.o(.text)
    UsageFault_Handler                       0x000002dd   Thumb Code     2  startup_efm32gg.o(.text)
    DebugMon_Handler                         0x000002e1   Thumb Code     2  startup_efm32gg.o(.text)
    ACMP0_IRQHandler                         0x000002e7   Thumb Code     0  startup_efm32gg.o(.text)
    ADC0_IRQHandler                          0x000002e7   Thumb Code     0  startup_efm32gg.o(.text)
    AES_IRQHandler                           0x000002e7   Thumb Code     0  startup_efm32gg.o(.text)
    BURTC_IRQHandler                         0x000002e7   Thumb Code     0  startup_efm32gg.o(.text)
    CMU_IRQHandler                           0x000002e7   Thumb Code     0  startup_efm32gg.o(.text)
    DAC0_IRQHandler                          0x000002e7   Thumb Code     0  startup_efm32gg.o(.text)
    DMA_IRQHandler                           0x000002e7   Thumb Code     0  startup_efm32gg.o(.text)
    EBI_IRQHandler                           0x000002e7   Thumb Code     0  startup_efm32gg.o(.text)
    EMU_IRQHandler                           0x000002e7   Thumb Code     0  startup_efm32gg.o(.text)
    GPIO_EVEN_IRQHandler                     0x000002e7   Thumb Code     0  startup_efm32gg.o(.text)
    GPIO_ODD_IRQHandler                      0x000002e7   Thumb Code     0  startup_efm32gg.o(.text)
    I2C0_IRQHandler                          0x000002e7   Thumb Code     0  startup_efm32gg.o(.text)
    I2C1_IRQHandler                          0x000002e7   Thumb Code     0  startup_efm32gg.o(.text)
    LCD_IRQHandler                           0x000002e7   Thumb Code     0  startup_efm32gg.o(.text)
    LESENSE_IRQHandler                       0x000002e7   Thumb Code     0  startup_efm32gg.o(.text)
    LETIMER0_IRQHandler                      0x000002e7   Thumb Code     0  startup_efm32gg.o(.text)
    LEUART0_IRQHandler                       0x000002e7   Thumb Code     0  startup_efm32gg.o(.text)
    LEUART1_IRQHandler                       0x000002e7   Thumb Code     0  startup_efm32gg.o(.text)
    MSC_IRQHandler                           0x000002e7   Thumb Code     0  startup_efm32gg.o(.text)
    PCNT0_IRQHandler                         0x000002e7   Thumb Code     0  startup_efm32gg.o(.text)
    PCNT1_IRQHandler                         0x000002e7   Thumb Code     0  startup_efm32gg.o(.text)
    PCNT2_IRQHandler                         0x000002e7   Thumb Code     0  startup_efm32gg.o(.text)
    RTC_IRQHandler                           0x000002e7   Thumb Code     0  startup_efm32gg.o(.text)
    TIMER0_IRQHandler                        0x000002e7   Thumb Code     0  startup_efm32gg.o(.text)
    TIMER1_IRQHandler                        0x000002e7   Thumb Code     0  startup_efm32gg.o(.text)
    TIMER2_IRQHandler                        0x000002e7   Thumb Code     0  startup_efm32gg.o(.text)
    TIMER3_IRQHandler                        0x000002e7   Thumb Code     0  startup_efm32gg.o(.text)
    UART0_RX_IRQHandler                      0x000002e7   Thumb Code     0  startup_efm32gg.o(.text)
    UART0_TX_IRQHandler                      0x000002e7   Thumb Code     0  startup_efm32gg.o(.text)
    UART1_RX_IRQHandler                      0x000002e7   Thumb Code     0  startup_efm32gg.o(.text)
    UART1_TX_IRQHandler                      0x000002e7   Thumb Code     0  startup_efm32gg.o(.text)
    USART0_RX_IRQHandler                     0x000002e7   Thumb Code     0  startup_efm32gg.o(.text)
    USART0_TX_IRQHandler                     0x000002e7   Thumb Code     0  startup_efm32gg.o(.text)
    USART1_RX_IRQHandler                     0x000002e7   Thumb Code     0  startup_efm32gg.o(.text)
    USART1_TX_IRQHandler                     0x000002e7   Thumb Code     0  startup_efm32gg.o(.text)
    USART2_RX_IRQHandler                     0x000002e7   Thumb Code     0  startup_efm32gg.o(.text)
    USART2_TX_IRQHandler                     0x000002e7   Thumb Code     0  startup_efm32gg.o(.text)
    USB_IRQHandler                           0x000002e7   Thumb Code     0  startup_efm32gg.o(.text)
    VCMP_IRQHandler                          0x000002e7   Thumb Code     0  startup_efm32gg.o(.text)
    __user_initial_stackheap                 0x000002e9   Thumb Code    10  startup_efm32gg.o(.text)
    __user_libspace                          0x0000030d   Thumb Code     8  libspace.o(.text)
    __user_perproc_libspace                  0x0000030d   Thumb Code     0  libspace.o(.text)
    exit                                     0x00000315   Thumb Code    18  exit.o(.text)
    __aeabi_memcpy4                          0x00000327   Thumb Code     0  rt_memcpy_w.o(.text)
    __aeabi_memcpy8                          0x00000327   Thumb Code     0  rt_memcpy_w.o(.text)
    __rt_memcpy_w                            0x00000327   Thumb Code   100  rt_memcpy_w.o(.text)
    _memcpy_lastbytes_aligned                0x0000036f   Thumb Code     0  rt_memcpy_w.o(.text)
    __use_two_region_memory                  0x0000038b   Thumb Code     2  heapauxi.o(.text)
    __rt_heap_escrow$2region                 0x0000038d   Thumb Code     2  heapauxi.o(.text)
    __rt_heap_expand$2region                 0x0000038f   Thumb Code     2  heapauxi.o(.text)
    _sys_exit                                0x00000391   Thumb Code     8  sys_exit.o(.text)
    __user_setup_stackheap                   0x0000039d   Thumb Code    74  sys_stackheap_outer.o(.text)
    __I$use$semihosting                      0x000003e7   Thumb Code     0  use_no_semi.o(.text)
    __use_no_semihosting_swi                 0x000003e7   Thumb Code     2  use_no_semi.o(.text)
    SVC_Count                                0x000003e8   Data           4  svc_table.o(SVC_TABLE)
    __semihosting_library_function           0x000003e9   Thumb Code     0  indicate_semi.o(.text)
    SVC_Table                                0x000003ec   Data           0  svc_table.o(SVC_TABLE)
    CMU_ClockDivSet                          0x0000041d   Thumb Code   454  em_cmu.o(i.CMU_ClockDivSet)
    __RL_RTX_VER                             0x00000481   Number         0  rt_system.o ABSOLUTE
    CMU_ClockEnable                          0x000005f9   Thumb Code   154  em_cmu.o(i.CMU_ClockEnable)
    CMU_ClockFreqGet                         0x0000069d   Thumb Code   328  em_cmu.o(i.CMU_ClockFreqGet)
    CMU_ClockSelectGet                       0x000007f1   Thumb Code   268  em_cmu.o(i.CMU_ClockSelectGet)
    CMU_ClockSelectSet                       0x00000901   Thumb Code   534  em_cmu.o(i.CMU_ClockSelectSet)
    CMU_OscillatorEnable                     0x00000b31   Thumb Code   120  em_cmu.o(i.CMU_OscillatorEnable)
    EMU_UpdateOscConfig                      0x00000bad   Thumb Code    10  em_emu.o(i.EMU_UpdateOscConfig)
    GPIO_PinModeSet                          0x00000bc1   Thumb Code   144  em_gpio.o(i.GPIO_PinModeSet)
    SystemCoreClockGet                       0x00000c85   Thumb Code    40  system_efm32gg.o(i.SystemCoreClockGet)
    SystemHFClockGet                         0x00000cb5   Thumb Code   156  system_efm32gg.o(i.SystemHFClockGet)
    SystemHFXOClockGet                       0x00000d81   Thumb Code     6  system_efm32gg.o(i.SystemHFXOClockGet)
    SystemInit                               0x00000d8d   Thumb Code     2  system_efm32gg.o(i.SystemInit)
    SystemLFRCOClockGet                      0x00000d8f   Thumb Code     6  system_efm32gg.o(i.SystemLFRCOClockGet)
    SystemLFXOClockGet                       0x00000d95   Thumb Code     6  system_efm32gg.o(i.SystemLFXOClockGet)
    SystemMaxCoreClockGet                    0x00000da1   Thumb Code     4  system_efm32gg.o(i.SystemMaxCoreClockGet)
    SystemULFRCOClockGet                     0x00000da9   Thumb Code     6  system_efm32gg.o(i.SystemULFRCOClockGet)
    USART_BaudrateAsyncSet                   0x00000db1   Thumb Code   118  em_usart.o(i.USART_BaudrateAsyncSet)
    USART_Enable                             0x00000e31   Thumb Code    14  em_usart.o(i.USART_Enable)
    USART_InitAsync                          0x00000e3f   Thumb Code    66  em_usart.o(i.USART_InitAsync)
    USART_Reset                              0x00000e81   Thumb Code    66  em_usart.o(i.USART_Reset)
    USART_Rx                                 0x00000ed1   Thumb Code    20  em_usart.o(i.USART_Rx)
    USART_Tx                                 0x00000ee5   Thumb Code    16  em_usart.o(i.USART_Tx)
    Initialize()                             0x00000ef5   Thumb Code    62  main.o(i._Z10Initializev)
    WifiTransmit(const void*)                0x00000f45   Thumb Code    78  main.o(i._Z12WifiTransmitPKv)
    ReceiveThread2(const void*)              0x00000fd9   Thumb Code    26  main.o(i._Z14ReceiveThread2PKv)
    uart0Initialize()                        0x00000ffd   Thumb Code   164  main.o(i._Z15uart0Initializev)
    blinky(const void*)                      0x000010ad   Thumb Code    72  main.o(i._Z6blinkyPKv)
    uartSend(USART_TypeDef*, char*)          0x000010f9   Thumb Code    28  main.o(i._Z8uartSendP13USART_TypeDefPc)
    _init_box                                0x00001115   Thumb Code    70  rt_membox.o(i._init_box)
    _mutex_acquire                           0x0000115d   Thumb Code    22  rtx_conf_cm.o(i._mutex_acquire)
    _mutex_release                           0x0000117d   Thumb Code    18  rtx_conf_cm.o(i._mutex_release)
    dbg_init                                 0x00001249   Thumb Code    34  hal_cm.o(i.dbg_init)
    dbg_task_notify                          0x00001279   Thumb Code    32  hal_cm.o(i.dbg_task_notify)
    dbg_task_switch                          0x00001299   Thumb Code    16  hal_cm.o(i.dbg_task_switch)
    isrMessageGet                            0x00001347   Thumb Code    42  rt_cmsis.o(i.isrMessageGet)
    isrMessagePut                            0x00001371   Thumb Code    44  rt_cmsis.o(i.isrMessagePut)
    isr_mbx_receive                          0x0000139d   Thumb Code    86  rt_mailbox.o(i.isr_mbx_receive)
    isr_mbx_send                             0x000013f3   Thumb Code    14  rt_mailbox.o(i.isr_mbx_send)
    main                                     0x000014dd   Thumb Code   150  main.o(i.main)
    osDelay                                  0x00001605   Thumb Code    18  rt_cmsis.o(i.osDelay)
    osKernelInitialize                       0x0000161d   Thumb Code    30  rt_cmsis.o(i.osKernelInitialize)
    osKernelStart                            0x00001641   Thumb Code    98  rt_cmsis.o(i.osKernelStart)
    osMessageGet                             0x000016ad   Thumb Code    18  rt_cmsis.o(i.osMessageGet)
    osThreadCreate                           0x000016c5   Thumb Code    38  rt_cmsis.o(i.osThreadCreate)
    osThreadExit                             0x000016f5   Thumb Code    14  rt_cmsis.o(i.osThreadExit)
    osTimerCall                              0x0000170d   Thumb Code     8  rt_cmsis.o(i.osTimerCall)
    osTimerThread                            0x00001719   Thumb Code    38  rt_cmsis.o(i.osTimerThread)
    os_error                                 0x00001745   Thumb Code    34  rtx_conf_cm.o(i.os_error)
    os_idle_demon                            0x00001767   Thumb Code     4  rtx_conf_cm.o(i.os_idle_demon)
    os_tick_init                             0x0000176d   Thumb Code    32  rt_system.o(i.os_tick_init)
    os_tick_irqack                           0x00001795   Thumb Code     2  rt_system.o(i.os_tick_irqack)
    rt_alloc_box                             0x00001797   Thumb Code    26  rt_membox.o(i.rt_alloc_box)
    rt_alloc_mem                             0x000017b1   Thumb Code    62  rt_memory.o(i.rt_alloc_mem)
    rt_block                                 0x000017f1   Thumb Code    48  rt_task.o(i.rt_block)
    rt_chk_robin                             0x00001829   Thumb Code    60  rt_robin.o(i.rt_chk_robin)
    rt_dec_dly                               0x00001871   Thumb Code   102  rt_list.o(i.rt_dec_dly)
    rt_dispatch                              0x000018e1   Thumb Code    60  rt_task.o(i.rt_dispatch)
    rt_dly_wait                              0x00001925   Thumb Code     6  rt_time.o(i.rt_dly_wait)
    rt_evt_psh                               0x0000192d   Thumb Code    76  rt_event.o(i.rt_evt_psh)
    rt_free_box                              0x0000197d   Thumb Code    44  rt_membox.o(i.rt_free_box)
    rt_free_mem                              0x000019a9   Thumb Code    40  rt_memory.o(i.rt_free_mem)
    rt_get_first                             0x000019d1   Thumb Code    40  rt_list.o(i.rt_get_first)
    rt_init_mem                              0x00001a49   Thumb Code    26  rt_memory.o(i.rt_init_mem)
    rt_init_robin                            0x00001a65   Thumb Code    14  rt_robin.o(i.rt_init_robin)
    rt_init_stack                            0x00001a7d   Thumb Code   118  hal_cm.o(i.rt_init_stack)
    rt_mbx_check                             0x00001afd   Thumb Code     8  rt_mailbox.o(i.rt_mbx_check)
    rt_mbx_init                              0x00001b05   Thumb Code    26  rt_mailbox.o(i.rt_mbx_init)
    rt_mbx_psh                               0x00001b21   Thumb Code   236  rt_mailbox.o(i.rt_mbx_psh)
    rt_mbx_wait                              0x00001c11   Thumb Code   174  rt_mailbox.o(i.rt_mbx_wait)
    rt_mut_release                           0x00001d09   Thumb Code   208  rt_mutex.o(i.rt_mut_release)
    rt_mut_wait                              0x00001de1   Thumb Code   100  rt_mutex.o(i.rt_mut_wait)
    rt_pop_req                               0x00001e49   Thumb Code   112  rt_system.o(i.rt_pop_req)
    rt_psh_req                               0x00001ec5   Thumb Code    22  rt_system.o(i.rt_psh_req)
    rt_psq_enq                               0x00001ee5   Thumb Code    88  rt_list.o(i.rt_psq_enq)
    rt_put_dly                               0x00001f41   Thumb Code    68  rt_list.o(i.rt_put_dly)
    rt_put_prio                              0x00001f89   Thumb Code    54  rt_list.o(i.rt_put_prio)
    rt_put_rdy_first                         0x00001fc1   Thumb Code    14  rt_list.o(i.rt_put_rdy_first)
    rt_resort_prio                           0x00001fd5   Thumb Code    46  rt_list.o(i.rt_resort_prio)
    rt_ret_val                               0x00002009   Thumb Code     6  hal_cm.o(i.rt_ret_val)
    rt_ret_val2                              0x0000200f   Thumb Code     8  hal_cm.o(i.rt_ret_val2)
    rt_rmv_dly                               0x00002017   Thumb Code    40  rt_list.o(i.rt_rmv_dly)
    rt_rmv_list                              0x00002041   Thumb Code    44  rt_list.o(i.rt_rmv_list)
    rt_sem_psh                               0x00002071   Thumb Code    48  rt_semaphore.o(i.rt_sem_psh)
    rt_stk_check                             0x000020a5   Thumb Code    28  rt_system.o(i.rt_stk_check)
    rt_switch_req                            0x000020c9   Thumb Code    30  rt_task.o(i.rt_switch_req)
    rt_sys_init                              0x000020f1   Thumb Code   138  rt_task.o(i.rt_sys_init)
    rt_sys_start                             0x000021bd   Thumb Code   110  rt_task.o(i.rt_sys_start)
    rt_systick                               0x00002235   Thumb Code    50  rt_system.o(i.rt_systick)
    rt_tsk_create                            0x000022bd   Thumb Code   118  rt_task.o(i.rt_tsk_create)
    rt_tsk_delete                            0x00002345   Thumb Code   352  rt_task.o(i.rt_tsk_delete)
    rt_tsk_prio                              0x000024c1   Thumb Code   108  rt_task.o(i.rt_tsk_prio)
    rt_tsk_self                              0x0000253d   Thumb Code    12  rt_task.o(i.rt_tsk_self)
    svcDelay                                 0x0000254d   Thumb Code    18  rt_cmsis.o(i.svcDelay)
    svcKernelInitialize                      0x00002561   Thumb Code    80  rt_cmsis.o(i.svcKernelInitialize)
    svcKernelStart                           0x000025d1   Thumb Code    62  rt_cmsis.o(i.svcKernelStart)
    svcMessageCreate                         0x00002619   Thumb Code    36  rt_cmsis.o(i.svcMessageCreate)
    svcMessageGet                            0x0000263d   Thumb Code    58  rt_cmsis.o(i.svcMessageGet)
    svcThreadCreate                          0x00002679   Thumb Code   100  rt_cmsis.o(i.svcThreadCreate)
    svcThreadGetId                           0x000026e9   Thumb Code    22  rt_cmsis.o(i.svcThreadGetId)
    svcThreadTerminate                       0x00002705   Thumb Code    50  rt_cmsis.o(i.svcThreadTerminate)
    svcTimerCall                             0x0000273d   Thumb Code    24  rt_cmsis.o(i.svcTimerCall)
    sysTimerTick                             0x00002775   Thumb Code    84  rt_cmsis.o(i.sysTimerTick)
    os_maxtaskrun                            0x00002870   Data           2  rtx_conf_cm.o(.constdata)
    os_stackinfo                             0x00002874   Data           4  rtx_conf_cm.o(.constdata)
    os_rrobin                                0x00002878   Data           4  rtx_conf_cm.o(.constdata)
    os_tickfreq                              0x0000287c   Data           4  rtx_conf_cm.o(.constdata)
    os_tickus_i                              0x00002880   Data           2  rtx_conf_cm.o(.constdata)
    os_tickus_f                              0x00002882   Data           2  rtx_conf_cm.o(.constdata)
    os_trv                                   0x00002884   Data           4  rtx_conf_cm.o(.constdata)
    os_flags                                 0x00002888   Data           1  rtx_conf_cm.o(.constdata)
    CMSIS_RTOS_API_Version                   0x0000288c   Data           4  rtx_conf_cm.o(.constdata)
    CMSIS_RTOS_RTX_Version                   0x00002890   Data           4  rtx_conf_cm.o(.constdata)
    os_clockrate                             0x00002894   Data           4  rtx_conf_cm.o(.constdata)
    os_timernum                              0x00002898   Data           4  rtx_conf_cm.o(.constdata)
    mp_tcb_size                              0x0000289c   Data           2  rtx_conf_cm.o(.constdata)
    mp_stk_size                              0x000028a0   Data           4  rtx_conf_cm.o(.constdata)
    os_stack_sz                              0x000028a4   Data           4  rtx_conf_cm.o(.constdata)
    os_fifo_size                             0x000028a8   Data           1  rtx_conf_cm.o(.constdata)
    os_thread_def_osTimerThread              0x000028ac   Data          16  rtx_conf_cm.o(.constdata)
    os_messageQ_def_osTimerMessageQ          0x000028bc   Data           8  rtx_conf_cm.o(.constdata)
    mp_tmr_size                              0x000028c4   Data           2  rtx_conf_cm.o(.constdata)
    os_thread_def_main                       0x000028c8   Data          16  rtx_conf_cm.o(.constdata)
    Region$$Table$$Base                      0x000028d8   Number         0  anon$$obj.o(Region$$Table)
    Region$$Table$$Limit                     0x000028f8   Number         0  anon$$obj.o(Region$$Table)
    uart232                                  0x20000000   Data           4  main.o(.data)
    uartWifi                                 0x20000004   Data           4  main.o(.data)
    adcResult                                0x20000008   Data           4  main.o(.data)
    adcResultwhat                            0x2000000c   Data           4  main.o(.data)
    osThreadId_osTimerThread                 0x20000010   Data           4  rtx_conf_cm.o(.data)
    osMessageQId_osTimerMessageQ             0x20000014   Data           4  rtx_conf_cm.o(.data)
    os_tmr                                   0x20000018   Data           4  rtx_conf_cm.o(.data)
    m_tmr                                    0x2000001c   Data           4  rtx_conf_cm.o(.data)
    SystemCoreClock                          0x20000030   Data           4  system_efm32gg.o(.data)
    os_initialized                           0x20000034   Data           1  rt_cmsis.o(.data)
    os_running                               0x20000035   Data           1  rt_cmsis.o(.data)
    os_timer_head                            0x20000038   Data           4  rt_cmsis.o(.data)
    os_tsk                                   0x2000003c   Data           8  rt_task.o(.data)
    os_tick_irqn                             0x20000048   Data           4  rt_system.o(.data)
    os_time                                  0x2000004c   Data           4  rt_time.o(.data)
    os_robin                                 0x20000050   Data           8  rt_robin.o(.data)
    dbg_msg                                  0x20000058   Data           1  hal_cm.o(.data)
    mp_tcb                                   0x20000060   Data         376  rtx_conf_cm.o(.bss)
    mp_stk                                   0x200001d8   Data        1792  rtx_conf_cm.o(.bss)
    os_stack_mem                             0x200008d8   Data        1032  rtx_conf_cm.o(.bss)
    os_fifo                                  0x20000ce0   Data         132  rtx_conf_cm.o(.bss)
    os_active_TCB                            0x20000d64   Data          28  rtx_conf_cm.o(.bss)
    os_messageQ_q_osTimerMessageQ            0x20000d80   Data          32  rtx_conf_cm.o(.bss)
    os_idle_TCB                              0x200010c0   Data          52  rt_task.o(.bss)
    os_rdy                                   0x200010f4   Data          24  rt_list.o(.bss)
    os_dly                                   0x2000110c   Data          24  rt_list.o(.bss)
    __libspace_start                         0x20001124   Data          96  libspace.o(.bss)
    __temporary_stack_top$libspace           0x20001184   Data           0  libspace.o(.bss)



==============================================================================

Memory Map of the image

  Image Entry point : 0x000000dd

  Load Region LR_IROM1 (Base: 0x00000000, Size: 0x00002954, Max: 0x00100000, ABSOLUTE)

    Execution Region ER_IROM1 (Base: 0x00000000, Size: 0x000028f8, Max: 0x00100000, ABSOLUTE)

    Base Addr    Size         Type   Attr      Idx    E Section Name        Object

    0x00000000   0x000000dc   Data   RO         1564    RESET               startup_efm32gg.o
    0x000000dc   0x00000008   Code   RO         2932  * !!!main             c_w.l(__main.o)
    0x000000e4   0x00000034   Code   RO         3137    !!!scatter          c_w.l(__scatter.o)
    0x00000118   0x0000001a   Code   RO         3139    !!handler_copy      c_w.l(__scatter_copy.o)
    0x00000132   0x00000002   PAD
    0x00000134   0x0000001c   Code   RO         3141    !!handler_zi        c_w.l(__scatter_zi.o)
    0x00000150   0x00000002   Code   RO         3023    .ARM.Collect$$libinit$$00000000  c_w.l(libinit.o)
    0x00000152   0x00000000   Code   RO         3035    .ARM.Collect$$libinit$$00000002  c_w.l(libinit2.o)
    0x00000152   0x00000000   Code   RO         3037    .ARM.Collect$$libinit$$00000004  c_w.l(libinit2.o)
    0x00000152   0x00000000   Code   RO         3040    .ARM.Collect$$libinit$$0000000A  c_w.l(libinit2.o)
    0x00000152   0x00000000   Code   RO         3042    .ARM.Collect$$libinit$$0000000C  c_w.l(libinit2.o)
    0x00000152   0x00000000   Code   RO         3044    .ARM.Collect$$libinit$$0000000E  c_w.l(libinit2.o)
    0x00000152   0x00000000   Code   RO         3047    .ARM.Collect$$libinit$$00000011  c_w.l(libinit2.o)
    0x00000152   0x00000000   Code   RO         3049    .ARM.Collect$$libinit$$00000013  c_w.l(libinit2.o)
    0x00000152   0x00000000   Code   RO         3051    .ARM.Collect$$libinit$$00000015  c_w.l(libinit2.o)
    0x00000152   0x00000000   Code   RO         3053    .ARM.Collect$$libinit$$00000017  c_w.l(libinit2.o)
    0x00000152   0x00000000   Code   RO         3055    .ARM.Collect$$libinit$$00000019  c_w.l(libinit2.o)
    0x00000152   0x00000000   Code   RO         3057    .ARM.Collect$$libinit$$0000001B  c_w.l(libinit2.o)
    0x00000152   0x00000000   Code   RO         3059    .ARM.Collect$$libinit$$0000001D  c_w.l(libinit2.o)
    0x00000152   0x00000000   Code   RO         3061    .ARM.Collect$$libinit$$0000001F  c_w.l(libinit2.o)
    0x00000152   0x00000000   Code   RO         3063    .ARM.Collect$$libinit$$00000021  c_w.l(libinit2.o)
    0x00000152   0x00000000   Code   RO         3065    .ARM.Collect$$libinit$$00000023  c_w.l(libinit2.o)
    0x00000152   0x00000000   Code   RO         3067    .ARM.Collect$$libinit$$00000025  c_w.l(libinit2.o)
    0x00000152   0x00000000   Code   RO         3071    .ARM.Collect$$libinit$$0000002C  c_w.l(libinit2.o)
    0x00000152   0x00000000   Code   RO         3073    .ARM.Collect$$libinit$$0000002E  c_w.l(libinit2.o)
    0x00000152   0x00000000   Code   RO         3075    .ARM.Collect$$libinit$$00000030  c_w.l(libinit2.o)
    0x00000152   0x00000000   Code   RO         3077    .ARM.Collect$$libinit$$00000032  c_w.l(libinit2.o)
    0x00000152   0x00000002   Code   RO         3078    .ARM.Collect$$libinit$$00000033  c_w.l(libinit2.o)
    0x00000154   0x00000002   Code   RO         3024    .ARM.Collect$$libshutdown$$00000000  c_w.l(libshutdown.o)
    0x00000156   0x00000000   Code   RO         3080    .ARM.Collect$$libshutdown$$00000002  c_w.l(libshutdown2.o)
    0x00000156   0x00000000   Code   RO         3082    .ARM.Collect$$libshutdown$$00000004  c_w.l(libshutdown2.o)
    0x00000156   0x00000000   Code   RO         3085    .ARM.Collect$$libshutdown$$00000007  c_w.l(libshutdown2.o)
    0x00000156   0x00000000   Code   RO         3088    .ARM.Collect$$libshutdown$$0000000A  c_w.l(libshutdown2.o)
    0x00000156   0x00000000   Code   RO         3090    .ARM.Collect$$libshutdown$$0000000C  c_w.l(libshutdown2.o)
    0x00000156   0x00000000   Code   RO         3093    .ARM.Collect$$libshutdown$$0000000F  c_w.l(libshutdown2.o)
    0x00000156   0x00000002   Code   RO         3094    .ARM.Collect$$libshutdown$$00000010  c_w.l(libshutdown2.o)
    0x00000158   0x00000000   Code   RO         2958    .ARM.Collect$$rtentry$$00000000  c_w.l(__rtentry.o)
    0x00000158   0x00000000   Code   RO         2984    .ARM.Collect$$rtentry$$00000002  c_w.l(__rtentry2.o)
    0x00000158   0x00000006   Code   RO         2996    .ARM.Collect$$rtentry$$00000004  c_w.l(__rtentry4.o)
    0x0000015e   0x00000000   Code   RO         2986    .ARM.Collect$$rtentry$$00000009  c_w.l(__rtentry2.o)
    0x0000015e   0x00000004   Code   RO         2987    .ARM.Collect$$rtentry$$0000000A  c_w.l(__rtentry2.o)
    0x00000162   0x00000008   Code   RO         2988    .ARM.Collect$$rtentry$$0000000B  c_w.l(__rtentry2.o)
    0x0000016a   0x00000008   Code   RO         2990    .ARM.Collect$$rtentry$$0000000D  c_w.l(__rtentry2.o)
    0x00000172   0x00000002   Code   RO         2959    .ARM.Collect$$rtexit$$00000000  c_w.l(rtexit.o)
    0x00000174   0x00000000   Code   RO         2999    .ARM.Collect$$rtexit$$00000002  c_w.l(rtexit2.o)
    0x00000174   0x00000004   Code   RO         3000    .ARM.Collect$$rtexit$$00000003  c_w.l(rtexit2.o)
    0x00000178   0x00000006   Code   RO         3001    .ARM.Collect$$rtexit$$00000004  c_w.l(rtexit2.o)
    0x0000017e   0x00000002   PAD
    0x00000180   0x0000001c   Code   RO          740    .emb_text           rtx_conf_cm.o
    0x0000019c   0x00000130   Code   RO         2851    .emb_text           RTX_CM3.lib(hal_cm3.o)
    0x000002cc   0x00000040   Code   RO         1565    .text               startup_efm32gg.o
    0x0000030c   0x00000008   Code   RO         2866    .text               c_w.l(libspace.o)
    0x00000314   0x00000012   Code   RO         2920    .text               c_w.l(exit.o)
    0x00000326   0x00000064   Code   RO         2926    .text               c_w.l(rt_memcpy_w.o)
    0x0000038a   0x00000006   Code   RO         2930    .text               c_w.l(heapauxi.o)
    0x00000390   0x0000000c   Code   RO         3009    .text               c_w.l(sys_exit.o)
    0x0000039c   0x0000004a   Code   RO         3011    .text               c_w.l(sys_stackheap_outer.o)
    0x000003e6   0x00000002   Code   RO         3025    .text               c_w.l(use_no_semi.o)
    0x000003e8   0x00000000   Code   RO         3027    .text               c_w.l(indicate_semi.o)
    0x000003e8   0x00000004   Code   RO         2861    SVC_TABLE           RTX_CM3.lib(svc_table.o)
    0x000003ec   0x00000014   Code   RO          817    i.BUS_RegBitRead    em_cmu.o
    0x00000400   0x00000012   Code   RO          818    i.BUS_RegBitWrite   em_cmu.o
    0x00000412   0x0000000a   Code   RO         1315    i.BUS_RegMaskedWrite  em_gpio.o
    0x0000041c   0x000001dc   Code   RO          825    i.CMU_ClockDivSet   em_cmu.o
    0x000005f8   0x000000a4   Code   RO          826    i.CMU_ClockEnable   em_cmu.o
    0x0000069c   0x00000154   Code   RO          827    i.CMU_ClockFreqGet  em_cmu.o
    0x000007f0   0x00000110   Code   RO          828    i.CMU_ClockSelectGet  em_cmu.o
    0x00000900   0x00000224   Code   RO          829    i.CMU_ClockSelectSet  em_cmu.o
    0x00000b24   0x0000000c   Code   RO          830    i.CMU_DivToLog2     em_cmu.o
    0x00000b30   0x0000007c   Code   RO          839    i.CMU_OscillatorEnable  em_cmu.o
    0x00000bac   0x00000014   Code   RO         1213    i.EMU_UpdateOscConfig  em_emu.o
    0x00000bc0   0x00000094   Code   RO         1320    i.GPIO_PinModeSet   em_gpio.o
    0x00000c54   0x00000018   Code   RO         1321    i.GPIO_PinOutClear  em_gpio.o
    0x00000c6c   0x00000018   Code   RO         1322    i.GPIO_PinOutSet    em_gpio.o
    0x00000c84   0x00000030   Code   RO         1572    i.SystemCoreClockGet  system_efm32gg.o
    0x00000cb4   0x000000cc   Code   RO         1573    i.SystemHFClockGet  system_efm32gg.o
    0x00000d80   0x0000000c   Code   RO         1574    i.SystemHFXOClockGet  system_efm32gg.o
    0x00000d8c   0x00000002   Code   RO         1576    i.SystemInit        system_efm32gg.o
    0x00000d8e   0x00000006   Code   RO         1577    i.SystemLFRCOClockGet  system_efm32gg.o
    0x00000d94   0x0000000c   Code   RO         1578    i.SystemLFXOClockGet  system_efm32gg.o
    0x00000da0   0x00000008   Code   RO         1580    i.SystemMaxCoreClockGet  system_efm32gg.o
    0x00000da8   0x00000006   Code   RO         1581    i.SystemULFRCOClockGet  system_efm32gg.o
    0x00000dae   0x00000002   PAD
    0x00000db0   0x00000080   Code   RO         1418    i.USART_BaudrateAsyncSet  em_usart.o
    0x00000e30   0x0000000e   Code   RO         1422    i.USART_Enable      em_usart.o
    0x00000e3e   0x00000042   Code   RO         1423    i.USART_InitAsync   em_usart.o
    0x00000e80   0x00000050   Code   RO         1428    i.USART_Reset       em_usart.o
    0x00000ed0   0x00000014   Code   RO         1429    i.USART_Rx          em_usart.o
    0x00000ee4   0x00000010   Code   RO         1434    i.USART_Tx          em_usart.o
    0x00000ef4   0x00000050   Code   RO            4    i._Z10Initializev   main.o
    0x00000f44   0x00000094   Code   RO            6    i._Z12WifiTransmitPKv  main.o
    0x00000fd8   0x00000024   Code   RO            7    i._Z14ReceiveThread2PKv  main.o
    0x00000ffc   0x000000b0   Code   RO            8    i._Z15uart0Initializev  main.o
    0x000010ac   0x0000004c   Code   RO            9    i._Z6blinkyPKv      main.o
    0x000010f8   0x0000001c   Code   RO           11    i._Z8uartSendP13USART_TypeDefPc  main.o
    0x00001114   0x00000046   Code   RO         2750    i._init_box         RTX_CM3.lib(rt_membox.o)
    0x0000115a   0x00000002   PAD
    0x0000115c   0x00000020   Code   RO          742    i._mutex_acquire    rtx_conf_cm.o
    0x0000117c   0x0000001c   Code   RO          744    i._mutex_release    rtx_conf_cm.o
    0x00001198   0x0000006c   Code   RO          844    i.auxClkGet         em_cmu.o
    0x00001204   0x00000044   Code   RO          845    i.dbgClkGet         em_cmu.o
    0x00001248   0x00000030   Code   RO         2803    i.dbg_init          RTX_CM3.lib(hal_cm.o)
    0x00001278   0x00000020   Code   RO         2804    i.dbg_task_notify   RTX_CM3.lib(hal_cm.o)
    0x00001298   0x00000010   Code   RO         2805    i.dbg_task_switch   RTX_CM3.lib(hal_cm.o)
    0x000012a8   0x00000090   Code   RO          846    i.flashWaitStateControl  em_cmu.o
    0x00001338   0x0000000e   Code   RO          847    i.flashWaitStateMax  em_cmu.o
    0x00001346   0x0000002a   Code   RO         1656    i.isrMessageGet     RTX_CM3.lib(rt_cmsis.o)
    0x00001370   0x0000002c   Code   RO         1657    i.isrMessagePut     RTX_CM3.lib(rt_cmsis.o)
    0x0000139c   0x00000056   Code   RO         2605    i.isr_mbx_receive   RTX_CM3.lib(rt_mailbox.o)
    0x000013f2   0x0000000e   Code   RO         2606    i.isr_mbx_send      RTX_CM3.lib(rt_mailbox.o)
    0x00001400   0x000000dc   Code   RO          848    i.lfClkGet          em_cmu.o
    0x000014dc   0x000000cc   Code   RO           13    i.main              main.o
    0x000015a8   0x0000005c   Code   RO          849    i.maxFreqHfle       em_cmu.o
    0x00001604   0x00000018   Code   RO         1660    i.osDelay           RTX_CM3.lib(rt_cmsis.o)
    0x0000161c   0x00000024   Code   RO         1661    i.osKernelInitialize  RTX_CM3.lib(rt_cmsis.o)
    0x00001640   0x0000006c   Code   RO         1663    i.osKernelStart     RTX_CM3.lib(rt_cmsis.o)
    0x000016ac   0x00000018   Code   RO         1672    i.osMessageGet      RTX_CM3.lib(rt_cmsis.o)
    0x000016c4   0x00000030   Code   RO         1689    i.osThreadCreate    RTX_CM3.lib(rt_cmsis.o)
    0x000016f4   0x00000018   Code   RO         1690    i.osThreadExit      RTX_CM3.lib(rt_cmsis.o)
    0x0000170c   0x0000000c   Code   RO         1696    i.osTimerCall       RTX_CM3.lib(rt_cmsis.o)
    0x00001718   0x0000002c   Code   RO         1701    i.osTimerThread     RTX_CM3.lib(rt_cmsis.o)
    0x00001744   0x00000022   Code   RO          745    i.os_error          rtx_conf_cm.o
    0x00001766   0x00000004   Code   RO          746    i.os_idle_demon     rtx_conf_cm.o
    0x0000176a   0x00000002   PAD
    0x0000176c   0x00000028   Code   RO         2397    i.os_tick_init      RTX_CM3.lib(rt_system.o)
    0x00001794   0x00000002   Code   RO         2398    i.os_tick_irqack    RTX_CM3.lib(rt_system.o)
    0x00001796   0x0000001a   Code   RO         2751    i.rt_alloc_box      RTX_CM3.lib(rt_membox.o)
    0x000017b0   0x0000003e   Code   RO         2779    i.rt_alloc_mem      RTX_CM3.lib(rt_memory.o)
    0x000017ee   0x00000002   PAD
    0x000017f0   0x00000038   Code   RO         2278    i.rt_block          RTX_CM3.lib(rt_task.o)
    0x00001828   0x00000048   Code   RO         2728    i.rt_chk_robin      RTX_CM3.lib(rt_robin.o)
    0x00001870   0x00000070   Code   RO         2529    i.rt_dec_dly        RTX_CM3.lib(rt_list.o)
    0x000018e0   0x00000044   Code   RO         2279    i.rt_dispatch       RTX_CM3.lib(rt_task.o)
    0x00001924   0x00000006   Code   RO         2695    i.rt_dly_wait       RTX_CM3.lib(rt_time.o)
    0x0000192a   0x00000002   PAD
    0x0000192c   0x00000050   Code   RO         2490    i.rt_evt_psh        RTX_CM3.lib(rt_event.o)
    0x0000197c   0x0000002c   Code   RO         2752    i.rt_free_box       RTX_CM3.lib(rt_membox.o)
    0x000019a8   0x00000028   Code   RO         2780    i.rt_free_mem       RTX_CM3.lib(rt_memory.o)
    0x000019d0   0x00000028   Code   RO         2530    i.rt_get_first      RTX_CM3.lib(rt_list.o)
    0x000019f8   0x00000008   Code   RO         1706    i.rt_id2obj         RTX_CM3.lib(rt_cmsis.o)
    0x00001a00   0x00000048   Code   RO         2280    i.rt_init_context   RTX_CM3.lib(rt_task.o)
    0x00001a48   0x0000001a   Code   RO         2781    i.rt_init_mem       RTX_CM3.lib(rt_memory.o)
    0x00001a62   0x00000002   PAD
    0x00001a64   0x00000018   Code   RO         2729    i.rt_init_robin     RTX_CM3.lib(rt_robin.o)
    0x00001a7c   0x00000080   Code   RO         2806    i.rt_init_stack     RTX_CM3.lib(hal_cm.o)
    0x00001afc   0x00000008   Code   RO         2607    i.rt_mbx_check      RTX_CM3.lib(rt_mailbox.o)
    0x00001b04   0x0000001a   Code   RO         2608    i.rt_mbx_init       RTX_CM3.lib(rt_mailbox.o)
    0x00001b1e   0x00000002   PAD
    0x00001b20   0x000000f0   Code   RO         2609    i.rt_mbx_psh        RTX_CM3.lib(rt_mailbox.o)
    0x00001c10   0x000000b4   Code   RO         2611    i.rt_mbx_wait       RTX_CM3.lib(rt_mailbox.o)
    0x00001cc4   0x00000044   Code   RO         1707    i.rt_ms2tick        RTX_CM3.lib(rt_cmsis.o)
    0x00001d08   0x000000d8   Code   RO         2364    i.rt_mut_release    RTX_CM3.lib(rt_mutex.o)
    0x00001de0   0x00000068   Code   RO         2365    i.rt_mut_wait       RTX_CM3.lib(rt_mutex.o)
    0x00001e48   0x0000007c   Code   RO         2401    i.rt_pop_req        RTX_CM3.lib(rt_system.o)
    0x00001ec4   0x00000020   Code   RO         2402    i.rt_psh_req        RTX_CM3.lib(rt_system.o)
    0x00001ee4   0x0000005c   Code   RO         2532    i.rt_psq_enq        RTX_CM3.lib(rt_list.o)
    0x00001f40   0x00000048   Code   RO         2533    i.rt_put_dly        RTX_CM3.lib(rt_list.o)
    0x00001f88   0x00000036   Code   RO         2534    i.rt_put_prio       RTX_CM3.lib(rt_list.o)
    0x00001fbe   0x00000002   PAD
    0x00001fc0   0x00000014   Code   RO         2535    i.rt_put_rdy_first  RTX_CM3.lib(rt_list.o)
    0x00001fd4   0x00000034   Code   RO         2536    i.rt_resort_prio    RTX_CM3.lib(rt_list.o)
    0x00002008   0x00000006   Code   RO         2807    i.rt_ret_val        RTX_CM3.lib(hal_cm.o)
    0x0000200e   0x00000008   Code   RO         2808    i.rt_ret_val2       RTX_CM3.lib(hal_cm.o)
    0x00002016   0x00000028   Code   RO         2537    i.rt_rmv_dly        RTX_CM3.lib(rt_list.o)
    0x0000203e   0x00000002   PAD
    0x00002040   0x00000030   Code   RO         2538    i.rt_rmv_list       RTX_CM3.lib(rt_list.o)
    0x00002070   0x00000034   Code   RO         2656    i.rt_sem_psh        RTX_CM3.lib(rt_semaphore.o)
    0x000020a4   0x00000024   Code   RO         2404    i.rt_stk_check      RTX_CM3.lib(rt_system.o)
    0x000020c8   0x00000028   Code   RO         2281    i.rt_switch_req     RTX_CM3.lib(rt_task.o)
    0x000020f0   0x000000cc   Code   RO         2282    i.rt_sys_init       RTX_CM3.lib(rt_task.o)
    0x000021bc   0x00000078   Code   RO         2283    i.rt_sys_start      RTX_CM3.lib(rt_task.o)
    0x00002234   0x00000040   Code   RO         2406    i.rt_systick        RTX_CM3.lib(rt_system.o)
    0x00002274   0x00000012   Code   RO         1708    i.rt_tid2ptcb       RTX_CM3.lib(rt_cmsis.o)
    0x00002286   0x00000002   PAD
    0x00002288   0x00000034   Code   RO         1709    i.rt_timer_insert   RTX_CM3.lib(rt_cmsis.o)
    0x000022bc   0x00000088   Code   RO         2284    i.rt_tsk_create     RTX_CM3.lib(rt_task.o)
    0x00002344   0x0000017c   Code   RO         2285    i.rt_tsk_delete     RTX_CM3.lib(rt_task.o)
    0x000024c0   0x0000007c   Code   RO         2287    i.rt_tsk_prio       RTX_CM3.lib(rt_task.o)
    0x0000253c   0x00000010   Code   RO         2288    i.rt_tsk_self       RTX_CM3.lib(rt_task.o)
    0x0000254c   0x00000012   Code   RO         1711    i.svcDelay          RTX_CM3.lib(rt_cmsis.o)
    0x0000255e   0x00000002   PAD
    0x00002560   0x00000070   Code   RO         1712    i.svcKernelInitialize  RTX_CM3.lib(rt_cmsis.o)
    0x000025d0   0x00000048   Code   RO         1714    i.svcKernelStart    RTX_CM3.lib(rt_cmsis.o)
    0x00002618   0x00000024   Code   RO         1717    i.svcMessageCreate  RTX_CM3.lib(rt_cmsis.o)
    0x0000263c   0x0000003a   Code   RO         1718    i.svcMessageGet     RTX_CM3.lib(rt_cmsis.o)
    0x00002676   0x00000002   PAD
    0x00002678   0x00000070   Code   RO         1732    i.svcThreadCreate   RTX_CM3.lib(rt_cmsis.o)
    0x000026e8   0x0000001c   Code   RO         1733    i.svcThreadGetId    RTX_CM3.lib(rt_cmsis.o)
    0x00002704   0x00000038   Code   RO         1736    i.svcThreadTerminate  RTX_CM3.lib(rt_cmsis.o)
    0x0000273c   0x00000018   Code   RO         1738    i.svcTimerCall      RTX_CM3.lib(rt_cmsis.o)
    0x00002754   0x00000020   Code   RO          850    i.syncReg           em_cmu.o
    0x00002774   0x0000005c   Code   RO         1747    i.sysTimerTick      RTX_CM3.lib(rt_cmsis.o)
    0x000027d0   0x00000040   Code   RO          851    i.usbCClkGet        em_cmu.o
    0x00002810   0x00000060   Data   RO           25    .constdata          main.o
    0x00002870   0x00000068   Data   RO          748    .constdata          rtx_conf_cm.o
    0x000028d8   0x00000020   Data   RO         3135    Region$$Table       anon$$obj.o


    Execution Region RW_IRAM1 (Base: 0x20000000, Size: 0x00002188, Max: 0x00020000, ABSOLUTE)

    Base Addr    Size         Type   Attr      Idx    E Section Name        Object

    0x20000000   0x00000010   Data   RW           26    .data               main.o
    0x20000010   0x00000014   Data   RW          749    .data               rtx_conf_cm.o
    0x20000024   0x00000004   Data   RW         1216    .data               em_emu.o
    0x20000028   0x0000000c   Data   RW         1582    .data               system_efm32gg.o
    0x20000034   0x00000008   Data   RW         1750    .data               RTX_CM3.lib(rt_cmsis.o)
    0x2000003c   0x00000008   Data   RW         2290    .data               RTX_CM3.lib(rt_task.o)
    0x20000044   0x00000008   Data   RW         2409    .data               RTX_CM3.lib(rt_system.o)
    0x2000004c   0x00000004   Data   RW         2699    .data               RTX_CM3.lib(rt_time.o)
    0x20000050   0x00000008   Data   RW         2730    .data               RTX_CM3.lib(rt_robin.o)
    0x20000058   0x00000001   Data   RW         2809    .data               RTX_CM3.lib(hal_cm.o)
    0x20000059   0x00000007   PAD
    0x20000060   0x00001060   Zero   RW          747    .bss                rtx_conf_cm.o
    0x200010c0   0x00000034   Zero   RW         2289    .bss                RTX_CM3.lib(rt_task.o)
    0x200010f4   0x00000030   Zero   RW         2539    .bss                RTX_CM3.lib(rt_list.o)
    0x20001124   0x00000060   Zero   RW         2867    .bss                c_w.l(libspace.o)
    0x20001184   0x00000004   PAD
    0x20001188   0x00000c00   Zero   RW         1563    HEAP                startup_efm32gg.o
    0x20001d88   0x00000400   Zero   RW         1562    STACK               startup_efm32gg.o


==============================================================================

Image component sizes


      Code (inc. data)   RO Data    RW Data    ZI Data      Debug   Object Name

      2716        242          0          0          0      65100   em_cmu.o
        20         10          0          4          0        638   em_emu.o
       206         12          0          0          0       6394   em_gpio.o
       324         24          0          0          0       8714   em_usart.o
       748        168         96         16          0     100194   main.o
       126         26        104         20       4192      13463   rtx_conf_cm.o
        64         26        220          0       4096        832   startup_efm32gg.o
       298         72          0         12          0       4738   system_efm32gg.o

    ----------------------------------------------------------------------
      4506        580        452         52       8288     200073   Object Totals
         0          0         32          0          0          0   (incl. Generated)
         4          0          0          0          0          0   (incl. Padding)

    ----------------------------------------------------------------------

      Code (inc. data)   RO Data    RW Data    ZI Data      Debug   Library Member Name

       238         24          0          1          0       3256   hal_cm.o
       304         36          0          0          0        760   hal_cm3.o
      1160        146          0          8          0      32178   rt_cmsis.o
        80          4          0          0          0        653   rt_event.o
       530         34          0          0         48       8165   rt_list.o
       554         10          0          0          0       3901   rt_mailbox.o
       140          0          0          0          0       1901   rt_membox.o
       128          0          0          0          0       2275   rt_memory.o
       320         12          0          0          0       1603   rt_mutex.o
        96         22          0          8          0       1134   rt_robin.o
        52          4          0          0          0        565   rt_semaphore.o
       298         52          0          8          0       6151   rt_system.o
      1216        174          0          8         52       9545   rt_task.o
         6          0          0          4          0        636   rt_time.o
         4          4          0          0          0        200   svc_table.o
         8          0          0          0          0         68   __main.o
         0          0          0          0          0          0   __rtentry.o
        20          0          0          0          0          0   __rtentry2.o
         6          0          0          0          0          0   __rtentry4.o
        52          8          0          0          0          0   __scatter.o
        26          0          0          0          0          0   __scatter_copy.o
        28          0          0          0          0          0   __scatter_zi.o
        18          0          0          0          0         80   exit.o
         6          0          0          0          0        152   heapauxi.o
         0          0          0          0          0          0   indicate_semi.o
         2          0          0          0          0          0   libinit.o
         2          0          0          0          0          0   libinit2.o
         2          0          0          0          0          0   libshutdown.o
         2          0          0          0          0          0   libshutdown2.o
         8          4          0          0         96         68   libspace.o
       100          0          0          0          0         80   rt_memcpy_w.o
         2          0          0          0          0          0   rtexit.o
        10          0          0          0          0          0   rtexit2.o
        12          4          0          0          0         68   sys_exit.o
        74          0          0          0          0         80   sys_stackheap_outer.o
         2          0          0          0          0         68   use_no_semi.o

    ----------------------------------------------------------------------
      5530        538          0         40        204      73587   Library Totals
        24          0          0          3          8          0   (incl. Padding)

    ----------------------------------------------------------------------

      Code (inc. data)   RO Data    RW Data    ZI Data      Debug   Library Name

      5126        522          0         37        100      72923   RTX_CM3.lib
       380         16          0          0         96        664   c_w.l

    ----------------------------------------------------------------------
      5530        538          0         40        204      73587   Library Totals

    ----------------------------------------------------------------------

==============================================================================


      Code (inc. data)   RO Data    RW Data    ZI Data      Debug   

     10036       1118        452         92       8492     267520   Grand Totals
     10036       1118        452         92       8492     267520   ELF Image Totals
     10036       1118        452         92          0          0   ROM Totals

==============================================================================

    Total RO  Size (Code + RO Data)                10488 (  10.24kB)
    Total RW  Size (RW Data + ZI Data)              8584 (   8.38kB)
    Total ROM Size (Code + RO Data + RW Data)      10580 (  10.33kB)

==============================================================================

